Archive member included to satisfy reference by file (symbol)

/usr/local/Cellar/avr-gcc/7.2.0/lib/avr-gcc/7/gcc/avr/7.2.0/avr5/libgcc.a(_divmodhi4.o)
                              ./src/u8g_polygon.o (__divmodhi4)
/usr/local/Cellar/avr-gcc/7.2.0/lib/avr-gcc/7/gcc/avr/7.2.0/avr5/libgcc.a(_exit.o)
                              /usr/local/Cellar/avr-gcc/7.2.0/lib/avr-gcc/7/gcc/avr/7.2.0/../../../../../../avr/lib/avr5/crtatmega16.o (exit)
/usr/local/Cellar/avr-gcc/7.2.0/lib/avr-gcc/7/gcc/avr/7.2.0/avr5/libgcc.a(_tablejump2.o)
                              ./src/chessengine.o (__tablejump2__)
/usr/local/Cellar/avr-gcc/7.2.0/lib/avr-gcc/7/gcc/avr/7.2.0/avr5/libgcc.a(_copy_data.o)
                              ./src/chessengine.o (__do_copy_data)
/usr/local/Cellar/avr-gcc/7.2.0/lib/avr-gcc/7/gcc/avr/7.2.0/avr5/libgcc.a(_clear_bss.o)
                              ./src/chessengine.o (__do_clear_bss)
/usr/local/Cellar/avr-gcc/7.2.0/lib/avr-gcc/7/gcc/avr/7.2.0/avr5/libgcc.a(_umulhisi3.o)
                              ./src/u8g_u16toa.o (__umulhisi3)
/usr/local/Cellar/avr-gcc/7.2.0/lib/avr-gcc/7/gcc/avr/7.2.0/avr5/libgcc.a(_udivmodhi4.o)
                              /usr/local/Cellar/avr-gcc/7.2.0/lib/avr-gcc/7/gcc/avr/7.2.0/avr5/libgcc.a(_divmodhi4.o) (__udivmodhi4)
/usr/local/Cellar/avr-gcc/7.2.0/lib/avr-gcc/7/gcc/avr/7.2.0/../../../../../../avr/lib/avr5/libc.a(memcpy_P.o)
                              ./src/u8g_com_io.o (memcpy_P)

Allocating common symbols
Common symbol       size              file

lrc_u8g             0x2               ./src/chessengine.o
chess_low_edge      0x1               ./src/chessengine.o
u8g                 0x37              ./main.o
u8g_vs_width        0x1               ./src/u8g_virtual_screen.o
u8g_vs_height       0x1               ./src/u8g_virtual_screen.o
u8g_pb_dev_gprof_buf
                    0x80              ./src/u8g_dev_gprof.o
u8g_vs_list         0x10              ./src/u8g_virtual_screen.o
lrc_obj             0xeb              ./src/chessengine.o
u8g_write_flip_disc_matrix
                    0x2               ./src/u8g_dev_flipdisc_2x7.o
u8g_vs_current      0x1               ./src/u8g_virtual_screen.o
global_SREG_backup  0x1               ./src/u8g_state.o
u8g_pg              0x42              ./src/u8g_polygon.o

Memory Configuration

Name             Origin             Length             Attributes
text             0x0000000000000000 0x0000000000020000 xr
data             0x0000000000800060 0x000000000000ffa0 rw !x
eeprom           0x0000000000810000 0x0000000000010000 rw !x
fuse             0x0000000000820000 0x0000000000000400 rw !x
lock             0x0000000000830000 0x0000000000000400 rw !x
signature        0x0000000000840000 0x0000000000000400 rw !x
user_signatures  0x0000000000850000 0x0000000000000400 rw !x
*default*        0x0000000000000000 0xffffffffffffffff

Linker script and memory map

LOAD /usr/local/Cellar/avr-gcc/7.2.0/lib/avr-gcc/7/gcc/avr/7.2.0/../../../../../../avr/lib/avr5/crtatmega16.o
LOAD ./src/chessengine.o
LOAD ./src/u8g_bitmap.o
LOAD ./src/u8g_circle.o
LOAD ./src/u8g_clip.o
LOAD ./src/u8g_com_api.o
LOAD ./src/u8g_com_api_16gr.o
LOAD ./src/u8g_com_arduino_attiny85_hw_spi.o
LOAD ./src/u8g_com_arduino_common.o
LOAD ./src/u8g_com_arduino_fast_parallel.o
LOAD ./src/u8g_com_arduino_hw_spi.o
LOAD ./src/u8g_com_arduino_hw_usart_spi.o
LOAD ./src/u8g_com_arduino_no_en_parallel.o
LOAD ./src/u8g_com_arduino_parallel.o
LOAD ./src/u8g_com_arduino_port_d_wr.o
LOAD ./src/u8g_com_arduino_ssd_i2c.o
LOAD ./src/u8g_com_arduino_st7920_custom.o
LOAD ./src/u8g_com_arduino_st7920_hw_spi.o
LOAD ./src/u8g_com_arduino_st7920_spi.o
LOAD ./src/u8g_com_arduino_std_sw_spi.o
LOAD ./src/u8g_com_arduino_sw_spi.o
LOAD ./src/u8g_com_arduino_t6963.o
LOAD ./src/u8g_com_arduino_uc_i2c.o
LOAD ./src/u8g_com_atmega_hw_spi.o
LOAD ./src/u8g_com_atmega_parallel.o
LOAD ./src/u8g_com_atmega_st7920_hw_spi.o
LOAD ./src/u8g_com_atmega_st7920_spi.o
LOAD ./src/u8g_com_atmega_sw_spi.o
LOAD ./src/u8g_com_i2c.o
LOAD ./src/u8g_com_io.o
LOAD ./src/u8g_com_msp430_hw_spi.o
LOAD ./src/u8g_com_null.o
LOAD ./src/u8g_com_raspberrypi_hw_spi.o
LOAD ./src/u8g_com_raspberrypi_ssd_i2c.o
LOAD ./src/u8g_com_std_sw_spi.o
LOAD ./src/u8g_cursor.o
LOAD ./src/u8g_delay.o
LOAD ./src/u8g_dev_a2_micro_printer.o
LOAD ./src/u8g_dev_flipdisc_2x7.o
LOAD ./src/u8g_dev_gprof.o
LOAD ./src/u8g_dev_ht1632.o
LOAD ./src/u8g_dev_ili9325d_320x240.o
LOAD ./src/u8g_dev_ks0108_128x64.o
LOAD ./src/u8g_dev_lc7981_160x80.o
LOAD ./src/u8g_dev_lc7981_240x128.o
LOAD ./src/u8g_dev_lc7981_240x64.o
LOAD ./src/u8g_dev_lc7981_320x64.o
LOAD ./src/u8g_dev_ld7032_60x32.o
LOAD ./src/u8g_dev_null.o
LOAD ./src/u8g_dev_pcd8544_84x48.o
LOAD ./src/u8g_dev_pcf8812_96x65.o
LOAD ./src/u8g_dev_sbn1661_122x32.o
LOAD ./src/u8g_dev_ssd1306_128x32.o
LOAD ./src/u8g_dev_ssd1306_128x64.o
LOAD ./src/u8g_dev_ssd1306_64x48.o
LOAD ./src/u8g_dev_ssd1309_128x64.o
LOAD ./src/u8g_dev_ssd1322_nhd31oled_bw.o
LOAD ./src/u8g_dev_ssd1322_nhd31oled_gr.o
LOAD ./src/u8g_dev_ssd1325_nhd27oled_bw.o
LOAD ./src/u8g_dev_ssd1325_nhd27oled_bw_new.o
LOAD ./src/u8g_dev_ssd1325_nhd27oled_gr.o
LOAD ./src/u8g_dev_ssd1325_nhd27oled_gr_new.o
LOAD ./src/u8g_dev_ssd1327_96x96_gr.o
LOAD ./src/u8g_dev_ssd1351_128x128.o
LOAD ./src/u8g_dev_ssd1353_160x128.o
LOAD ./src/u8g_dev_st7565_64128n.o
LOAD ./src/u8g_dev_st7565_dogm128.o
LOAD ./src/u8g_dev_st7565_dogm132.o
LOAD ./src/u8g_dev_st7565_lm6059.o
LOAD ./src/u8g_dev_st7565_lm6063.o
LOAD ./src/u8g_dev_st7565_nhd_c12832.o
LOAD ./src/u8g_dev_st7565_nhd_c12864.o
LOAD ./src/u8g_dev_st7687_c144mvgd.o
LOAD ./src/u8g_dev_st7920_128x64.o
LOAD ./src/u8g_dev_st7920_192x32.o
LOAD ./src/u8g_dev_st7920_202x32.o
LOAD ./src/u8g_dev_t6963_128x128.o
LOAD ./src/u8g_dev_t6963_128x64.o
LOAD ./src/u8g_dev_t6963_240x128.o
LOAD ./src/u8g_dev_t6963_240x64.o
LOAD ./src/u8g_dev_tls8204_84x48.o
LOAD ./src/u8g_dev_uc1601_c128032.o
LOAD ./src/u8g_dev_uc1608_240x128.o
LOAD ./src/u8g_dev_uc1608_240x64.o
LOAD ./src/u8g_dev_uc1610_dogxl160.o
LOAD ./src/u8g_dev_uc1611_dogm240.o
LOAD ./src/u8g_dev_uc1611_dogxl240.o
LOAD ./src/u8g_dev_uc1701_dogs102.o
LOAD ./src/u8g_dev_uc1701_mini12864.o
LOAD ./src/u8g_ellipse.o
LOAD ./src/u8g_font.o
LOAD ./src/u8g_font_data.o
LOAD ./src/u8g_line.o
LOAD ./src/u8g_ll_api.o
LOAD ./src/u8g_page.o
LOAD ./src/u8g_pb.o
LOAD ./src/u8g_pb14v1.o
LOAD ./src/u8g_pb16h1.o
LOAD ./src/u8g_pb16h2.o
LOAD ./src/u8g_pb16v1.o
LOAD ./src/u8g_pb16v2.o
LOAD ./src/u8g_pb32h1.o
LOAD ./src/u8g_pb8h1.o
LOAD ./src/u8g_pb8h1f.o
LOAD ./src/u8g_pb8h2.o
LOAD ./src/u8g_pb8h8.o
LOAD ./src/u8g_pb8v1.o
LOAD ./src/u8g_pb8v2.o
LOAD ./src/u8g_pbxh16.o
LOAD ./src/u8g_pbxh24.o
LOAD ./src/u8g_polygon.o
LOAD ./src/u8g_rect.o
LOAD ./src/u8g_rot.o
LOAD ./src/u8g_scale.o
LOAD ./src/u8g_state.o
LOAD ./src/u8g_u16toa.o
LOAD ./src/u8g_u8toa.o
LOAD ./src/u8g_virtual_screen.o
LOAD ./main.o
START GROUP
LOAD /usr/local/Cellar/avr-gcc/7.2.0/lib/avr-gcc/7/gcc/avr/7.2.0/avr5/libgcc.a
LOAD /usr/local/Cellar/avr-gcc/7.2.0/lib/avr-gcc/7/gcc/avr/7.2.0/../../../../../../avr/lib/avr5/libm.a
LOAD /usr/local/Cellar/avr-gcc/7.2.0/lib/avr-gcc/7/gcc/avr/7.2.0/../../../../../../avr/lib/avr5/libc.a
LOAD /usr/local/Cellar/avr-gcc/7.2.0/lib/avr-gcc/7/gcc/avr/7.2.0/../../../../../../avr/lib/avr5/libatmega16.a
END GROUP
                0x0000000000020000                __TEXT_REGION_LENGTH__ = DEFINED (__TEXT_REGION_LENGTH__)?__TEXT_REGION_LENGTH__:0x20000
                0x000000000000ffa0                __DATA_REGION_LENGTH__ = DEFINED (__DATA_REGION_LENGTH__)?__DATA_REGION_LENGTH__:0xffa0
                0x0000000000010000                __EEPROM_REGION_LENGTH__ = DEFINED (__EEPROM_REGION_LENGTH__)?__EEPROM_REGION_LENGTH__:0x10000
                0x0000000000000400                __FUSE_REGION_LENGTH__ = DEFINED (__FUSE_REGION_LENGTH__)?__FUSE_REGION_LENGTH__:0x400
                0x0000000000000400                __LOCK_REGION_LENGTH__ = DEFINED (__LOCK_REGION_LENGTH__)?__LOCK_REGION_LENGTH__:0x400
                0x0000000000000400                __SIGNATURE_REGION_LENGTH__ = DEFINED (__SIGNATURE_REGION_LENGTH__)?__SIGNATURE_REGION_LENGTH__:0x400
                0x0000000000000400                __USER_SIGNATURE_REGION_LENGTH__ = DEFINED (__USER_SIGNATURE_REGION_LENGTH__)?__USER_SIGNATURE_REGION_LENGTH__:0x400

.hash
 *(.hash)

.dynsym
 *(.dynsym)

.dynstr
 *(.dynstr)

.gnu.version
 *(.gnu.version)

.gnu.version_d
 *(.gnu.version_d)

.gnu.version_r
 *(.gnu.version_r)

.rel.init
 *(.rel.init)

.rela.init
 *(.rela.init)

.rel.text
 *(.rel.text)
 *(.rel.text.*)
 *(.rel.gnu.linkonce.t*)

.rela.text
 *(.rela.text)
 *(.rela.text.*)
 *(.rela.gnu.linkonce.t*)

.rel.fini
 *(.rel.fini)

.rela.fini
 *(.rela.fini)

.rel.rodata
 *(.rel.rodata)
 *(.rel.rodata.*)
 *(.rel.gnu.linkonce.r*)

.rela.rodata
 *(.rela.rodata)
 *(.rela.rodata.*)
 *(.rela.gnu.linkonce.r*)

.rel.data
 *(.rel.data)
 *(.rel.data.*)
 *(.rel.gnu.linkonce.d*)

.rela.data
 *(.rela.data)
 *(.rela.data.*)
 *(.rela.gnu.linkonce.d*)

.rel.ctors
 *(.rel.ctors)

.rela.ctors
 *(.rela.ctors)

.rel.dtors
 *(.rel.dtors)

.rela.dtors
 *(.rela.dtors)

.rel.got
 *(.rel.got)

.rela.got
 *(.rela.got)

.rel.bss
 *(.rel.bss)

.rela.bss
 *(.rela.bss)

.rel.plt
 *(.rel.plt)

.rela.plt
 *(.rela.plt)

.text           0x0000000000000000   0x15f5fc
 *(.vectors)
 .vectors       0x0000000000000000       0x54 /usr/local/Cellar/avr-gcc/7.2.0/lib/avr-gcc/7/gcc/avr/7.2.0/../../../../../../avr/lib/avr5/crtatmega16.o
                0x0000000000000000                __vectors
                0x0000000000000000                __vector_default
 *(.vectors)
 *(.progmem.gcc*)
                0x0000000000000054                . = ALIGN (0x2)
                0x0000000000000054                __trampolines_start = .
 *(.trampolines)
 .trampolines   0x0000000000000054        0x0 linker stubs
 *(.trampolines*)
                0x0000000000000054                __trampolines_end = .
 *libprintf_flt.a:*(.progmem.data)
 *libc.a:*(.progmem.data)
 *(.progmem*)
 .progmem.data.ce_dir_offset_rook
                0x0000000000000054        0x5 ./src/chessengine.o
 .progmem.data.ce_dir_offset_bishop
                0x0000000000000059        0x5 ./src/chessengine.o
 .progmem.data.ce_dir_offset_queen
                0x000000000000005e        0x9 ./src/chessengine.o
 .progmem.data.ce_dir_offset_knight
                0x0000000000000067        0x9 ./src/chessengine.o
 .progmem.data.chess_pieces_body_bm
                0x0000000000000070       0x30 ./src/chessengine.o
                0x0000000000000070                chess_pieces_body_bm
 .progmem.data.chess_black_pieces_bm
                0x00000000000000a0       0x30 ./src/chessengine.o
                0x00000000000000a0                chess_black_pieces_bm
 .progmem.data.__c.3714
                0x00000000000000d0        0x8 ./src/chessengine.o
 .progmem.data.u8g_avr_ddr_P
                0x00000000000000d8        0x8 ./src/u8g_com_io.o
                0x00000000000000d8                u8g_avr_ddr_P
 .progmem.data.u8g_avr_port_P
                0x00000000000000e0        0x8 ./src/u8g_com_io.o
                0x00000000000000e0                u8g_avr_port_P
 .progmem.data.u8g_avr_pin_P
                0x00000000000000e8        0x8 ./src/u8g_com_io.o
                0x00000000000000e8                u8g_avr_pin_P
 .progmem.data.u8g_dev_ili9325d_320x240_init_seq
                0x00000000000000f0      0x1e0 ./src/u8g_dev_ili9325d_320x240.o
 .progmem.data.u8g_dev_ili9325d_320x240_page_seq
                0x00000000000002d0       0x12 ./src/u8g_dev_ili9325d_320x240.o
 .progmem.data.u8g_dev_ks0108_128x64_init_seq
                0x00000000000002e2       0x16 ./src/u8g_dev_ks0108_128x64.o
 .progmem.data.u8g_dev_lc7981_160x80_init_seq
                0x00000000000002f8       0x34 ./src/u8g_dev_lc7981_160x80.o
 .progmem.data.u8g_dev_lc7981_240x128_init_seq
                0x000000000000032c       0x34 ./src/u8g_dev_lc7981_240x128.o
 .progmem.data.u8g_dev_lc7981_240x64_init_seq
                0x0000000000000360       0x34 ./src/u8g_dev_lc7981_240x64.o
 .progmem.data.u8g_dev_lc7981_320x64_init_seq
                0x0000000000000394       0x34 ./src/u8g_dev_lc7981_320x64.o
 .progmem.data.u8g_dev_ld7032_60x32_init_seq
                0x00000000000003c8       0x73 ./src/u8g_dev_ld7032_60x32.o
 .progmem.data.u8g_dev_ld7032_60x32_data_start
                0x000000000000043b       0x1d ./src/u8g_dev_ld7032_60x32.o
 .progmem.data.u8g_dev_ld7032_60x32_sleep_on
                0x0000000000000458        0x8 ./src/u8g_dev_ld7032_60x32.o
 .progmem.data.u8g_dev_ld7032_60x32_sleep_off
                0x0000000000000460        0xa ./src/u8g_dev_ld7032_60x32.o
 .progmem.data.u8g_dev_pcd8544_init_seq
                0x000000000000046a       0x1e ./src/u8g_dev_pcd8544_84x48.o
 .progmem.data.u8g_dev_pcd8544_sleep_on
                0x0000000000000488        0xa ./src/u8g_dev_pcd8544_84x48.o
 .progmem.data.u8g_dev_pcd8544_sleep_off
                0x0000000000000492        0xd ./src/u8g_dev_pcd8544_84x48.o
 .progmem.data.u8g_dev_pcf8812_init_seq
                0x000000000000049f       0x1e ./src/u8g_dev_pcf8812_96x65.o
 .progmem.data.u8g_dev_sbn1661_122x32_init_seq
                0x00000000000004bd       0x16 ./src/u8g_dev_sbn1661_122x32.o
 .progmem.data.u8g_dev_ssd1306_128x32_adafruit1_init_seq
                0x00000000000004d3       0x26 ./src/u8g_dev_ssd1306_128x32.o
 .progmem.data.u8g_dev_ssd1306_128x32_adafruit2_init_seq
                0x00000000000004f9       0x26 ./src/u8g_dev_ssd1306_128x32.o
 .progmem.data.u8g_dev_ssd1306_128x32_adafruit3_init_seq
                0x000000000000051f       0x26 ./src/u8g_dev_ssd1306_128x32.o
 .progmem.data.u8g_dev_ssd1306_128x32_univision_init_seq
                0x0000000000000545       0x25 ./src/u8g_dev_ssd1306_128x32.o
 .progmem.data.u8g_dev_ssd1306_128x32_data_start
                0x000000000000056a        0x8 ./src/u8g_dev_ssd1306_128x32.o
 .progmem.data.u8g_dev_ssd13xx_sleep_on
                0x0000000000000572        0x9 ./src/u8g_dev_ssd1306_128x32.o
 .progmem.data.u8g_dev_ssd13xx_sleep_off
                0x000000000000057b        0xb ./src/u8g_dev_ssd1306_128x32.o
 .progmem.data.u8g_dev_ssd1306_128x64_adafruit1_init_seq
                0x0000000000000586       0x26 ./src/u8g_dev_ssd1306_128x64.o
 .progmem.data.u8g_dev_ssd1306_128x64_adafruit2_init_seq
                0x00000000000005ac       0x26 ./src/u8g_dev_ssd1306_128x64.o
 .progmem.data.u8g_dev_ssd1306_128x64_adafruit3_init_seq
                0x00000000000005d2       0x26 ./src/u8g_dev_ssd1306_128x64.o
 .progmem.data.u8g_dev_ssd1306_128x64_univision_init_seq
                0x00000000000005f8       0x25 ./src/u8g_dev_ssd1306_128x64.o
 .progmem.data.u8g_dev_ssd1306_128x64_data_start
                0x000000000000061d        0x8 ./src/u8g_dev_ssd1306_128x64.o
 .progmem.data.u8g_dev_sh1106_128x64_data_start
                0x0000000000000625        0x8 ./src/u8g_dev_ssd1306_128x64.o
 .progmem.data.u8g_dev_ssd13xx_sleep_on
                0x000000000000062d        0x9 ./src/u8g_dev_ssd1306_128x64.o
 .progmem.data.u8g_dev_ssd13xx_sleep_off
                0x0000000000000636        0xb ./src/u8g_dev_ssd1306_128x64.o
 .progmem.data.u8g_dev_ssd1306_64x48_init_seq
                0x0000000000000641       0x24 ./src/u8g_dev_ssd1306_64x48.o
 .progmem.data.u8g_dev_ssd1306_64x48_data_start
                0x0000000000000665        0x8 ./src/u8g_dev_ssd1306_64x48.o
 .progmem.data.u8g_dev_ssd13xx_sleep_on
                0x000000000000066d        0x9 ./src/u8g_dev_ssd1306_64x48.o
 .progmem.data.u8g_dev_ssd13xx_sleep_off
                0x0000000000000676        0xb ./src/u8g_dev_ssd1306_64x48.o
 .progmem.data.u8g_dev_ssd1309_128x64_init_seq
                0x0000000000000681       0x29 ./src/u8g_dev_ssd1309_128x64.o
 .progmem.data.u8g_dev_ssd1309_128x64_data_start
                0x00000000000006aa        0x8 ./src/u8g_dev_ssd1309_128x64.o
 .progmem.data.u8g_dev_ssd13xx_sleep_on
                0x00000000000006b2        0x9 ./src/u8g_dev_ssd1309_128x64.o
 .progmem.data.u8g_dev_ssd13xx_sleep_off
                0x00000000000006bb        0xb ./src/u8g_dev_ssd1309_128x64.o
 .progmem.data.u8g_dev_ssd1322_1bit_nhd_312_init_seq
                0x00000000000006c6       0x7e ./src/u8g_dev_ssd1322_nhd31oled_bw.o
 .progmem.data.u8g_dev_ssd1322_1bit_nhd_312_prepare_page_seq
                0x0000000000000744       0x10 ./src/u8g_dev_ssd1322_nhd31oled_bw.o
 .progmem.data.u8g_dev_ssd13xx_sleep_on
                0x0000000000000754        0x9 ./src/u8g_dev_ssd1322_nhd31oled_bw.o
 .progmem.data.u8g_dev_ssd13xx_sleep_off
                0x000000000000075d        0xb ./src/u8g_dev_ssd1322_nhd31oled_bw.o
 .progmem.data.u8g_dev_ssd1322_2bit_nhd_312_init_seq
                0x0000000000000768       0x7e ./src/u8g_dev_ssd1322_nhd31oled_gr.o
 .progmem.data.u8g_dev_ssd1322_2bit_nhd_312_prepare_page_seq
                0x00000000000007e6       0x10 ./src/u8g_dev_ssd1322_nhd31oled_gr.o
 .progmem.data.u8g_dev_ssd13xx_sleep_on
                0x00000000000007f6        0x9 ./src/u8g_dev_ssd1322_nhd31oled_gr.o
 .progmem.data.u8g_dev_ssd13xx_sleep_off
                0x00000000000007ff        0xb ./src/u8g_dev_ssd1322_nhd31oled_gr.o
 .progmem.data.u8g_dev_ssd1325_nhd_27_12864_init_seq
                0x000000000000080a       0x39 ./src/u8g_dev_ssd1325_nhd27oled_bw_new.o
 .progmem.data.u8g_dev_ssd1325_prepare_row_seq
                0x0000000000000843        0xa ./src/u8g_dev_ssd1325_nhd27oled_bw_new.o
 .progmem.data.u8g_dev_ssd13xx_sleep_on
                0x000000000000084d        0x9 ./src/u8g_dev_ssd1325_nhd27oled_bw_new.o
 .progmem.data.u8g_dev_ssd13xx_sleep_off
                0x0000000000000856        0xb ./src/u8g_dev_ssd1325_nhd27oled_bw_new.o
 .progmem.data.u8g_dev_ssd1325_2bit_nhd_27_12864ucy3_init_seq
                0x0000000000000861       0x39 ./src/u8g_dev_ssd1325_nhd27oled_gr_new.o
 .progmem.data.u8g_dev_ssd1325_2bit_nhd_27_12864ucy3_prepare_page_seq
                0x000000000000089a        0xa ./src/u8g_dev_ssd1325_nhd27oled_gr_new.o
 .progmem.data.u8g_dev_ssd13xx_sleep_on
                0x00000000000008a4        0x9 ./src/u8g_dev_ssd1325_nhd27oled_gr_new.o
 .progmem.data.u8g_dev_ssd13xx_sleep_off
                0x00000000000008ad        0xb ./src/u8g_dev_ssd1325_nhd27oled_gr_new.o
 .progmem.data.u8g_dev_ssd1327_2bit_96x96_init_seq
                0x00000000000008b8       0x5e ./src/u8g_dev_ssd1327_96x96_gr.o
 .progmem.data.u8g_dev_ssd1327_2bit_96x96_prepare_page_seq
                0x0000000000000916        0xa ./src/u8g_dev_ssd1327_96x96_gr.o
 .progmem.data.u8g_dev_ssd1351_128x128_init_seq
                0x0000000000000920       0xd2 ./src/u8g_dev_ssd1351_128x128.o
 .progmem.data.u8g_dev_ssd1351_128x128gh_init_seq
                0x00000000000009f2       0xd2 ./src/u8g_dev_ssd1351_128x128.o
 .progmem.data.u8g_dev_ssd1351_128x128_column_seq
                0x0000000000000ac4       0x19 ./src/u8g_dev_ssd1351_128x128.o
 .progmem.data.u8g_dev_ssd1353_160x128_init_seq
                0x0000000000000add       0x70 ./src/u8g_dev_ssd1353_160x128.o
 .progmem.data.u8g_dev_ssd1353_160x128_column_seq
                0x0000000000000b4d       0x19 ./src/u8g_dev_ssd1353_160x128.o
 .progmem.data.u8g_dev_ssd1353_160x128_sleep_on
                0x0000000000000b66        0x9 ./src/u8g_dev_ssd1353_160x128.o
 .progmem.data.u8g_dev_ssd1353_160x128_sleep_off
                0x0000000000000b6f        0x9 ./src/u8g_dev_ssd1353_160x128.o
 .progmem.data.u8g_dev_st7565_64128n_init_seq
                0x0000000000000b78       0x26 ./src/u8g_dev_st7565_64128n.o
 .progmem.data.u8g_dev_st7565_64128n_data_start
                0x0000000000000b9e        0x8 ./src/u8g_dev_st7565_64128n.o
 .progmem.data.u8g_dev_st7565_64128n_sleep_on
                0x0000000000000ba6        0xc ./src/u8g_dev_st7565_64128n.o
 .progmem.data.u8g_dev_st7565_64128n_sleep_off
                0x0000000000000bb2        0xc ./src/u8g_dev_st7565_64128n.o
 .progmem.data.u8g_dev_st7565_dogm128_init_seq
                0x0000000000000bbe       0x1d ./src/u8g_dev_st7565_dogm128.o
                0x0000000000000bbe                u8g_dev_st7565_dogm128_init_seq
 .progmem.data.u8g_dev_st7565_dogm128_data_start
                0x0000000000000bdb        0x8 ./src/u8g_dev_st7565_dogm128.o
 .progmem.data.u8g_dev_st7565_dogm128_sleep_on
                0x0000000000000be3        0xc ./src/u8g_dev_st7565_dogm128.o
 .progmem.data.u8g_dev_st7565_dogm128_sleep_off
                0x0000000000000bef        0xc ./src/u8g_dev_st7565_dogm128.o
 .progmem.data.u8g_dev_st7565_dogm132_init_seq
                0x0000000000000bfb       0x22 ./src/u8g_dev_st7565_dogm132.o
 .progmem.data.u8g_dev_st7565_dogm132_data_start
                0x0000000000000c1d        0x8 ./src/u8g_dev_st7565_dogm132.o
 .progmem.data.u8g_dev_st7565_dogm132_sleep_on
                0x0000000000000c25        0xc ./src/u8g_dev_st7565_dogm132.o
 .progmem.data.u8g_dev_st7565_dogm132_sleep_off
                0x0000000000000c31        0xc ./src/u8g_dev_st7565_dogm132.o
 .progmem.data.u8g_dev_st7565_lm6059_init_seq
                0x0000000000000c3d       0x26 ./src/u8g_dev_st7565_lm6059.o
 .progmem.data.u8g_dev_st7565_lm6059_data_start
                0x0000000000000c63        0x8 ./src/u8g_dev_st7565_lm6059.o
 .progmem.data.u8g_dev_st7565_lm6059_sleep_on
                0x0000000000000c6b        0xc ./src/u8g_dev_st7565_lm6059.o
 .progmem.data.u8g_dev_st7565_lm6059_sleep_off
                0x0000000000000c77        0xc ./src/u8g_dev_st7565_lm6059.o
 .progmem.data.u8g_dev_st7565_lm6063_init_seq
                0x0000000000000c83       0x26 ./src/u8g_dev_st7565_lm6063.o
 .progmem.data.u8g_dev_st7565_lm6063_data_start
                0x0000000000000ca9        0x8 ./src/u8g_dev_st7565_lm6063.o
 .progmem.data.u8g_dev_st7565_st7565_sleep_on
                0x0000000000000cb1        0xc ./src/u8g_dev_st7565_lm6063.o
 .progmem.data.u8g_dev_st7565_st7565_sleep_off
                0x0000000000000cbd        0xc ./src/u8g_dev_st7565_lm6063.o
 .progmem.data.u8g_dev_st7565_c12832_init_seq
                0x0000000000000cc9       0x22 ./src/u8g_dev_st7565_nhd_c12832.o
 .progmem.data.u8g_dev_st7565_c12832_data_start
                0x0000000000000ceb        0x8 ./src/u8g_dev_st7565_nhd_c12832.o
 .progmem.data.u8g_dev_st7565_c12832_sleep_on
                0x0000000000000cf3        0xc ./src/u8g_dev_st7565_nhd_c12832.o
 .progmem.data.u8g_dev_st7565_c12832_sleep_off
                0x0000000000000cff        0xc ./src/u8g_dev_st7565_nhd_c12832.o
 .progmem.data.u8g_dev_st7565_nhd_c12864_init_seq
                0x0000000000000d0b       0x22 ./src/u8g_dev_st7565_nhd_c12864.o
                0x0000000000000d0b                u8g_dev_st7565_nhd_c12864_init_seq
 .progmem.data.u8g_dev_st7565_nhd_c12864_data_start
                0x0000000000000d2d        0x8 ./src/u8g_dev_st7565_nhd_c12864.o
 .progmem.data.u8g_dev_st7565_c12864_sleep_on
                0x0000000000000d35        0xc ./src/u8g_dev_st7565_nhd_c12864.o
 .progmem.data.u8g_dev_st7565_c12864_sleep_off
                0x0000000000000d41        0xc ./src/u8g_dev_st7565_nhd_c12864.o
 .progmem.data.u8g_dev_st7687_c144mvgd_init_seq
                0x0000000000000d4d       0x8a ./src/u8g_dev_st7687_c144mvgd.o
 .progmem.data.u8g_dev_st7920_128x64_init_seq
                0x0000000000000dd7       0x17 ./src/u8g_dev_st7920_128x64.o
 .progmem.data.u8g_dev_st7920_192x32_init_seq
                0x0000000000000dee       0x17 ./src/u8g_dev_st7920_192x32.o
 .progmem.data.u8g_dev_st7920_202x32_init_seq
                0x0000000000000e05       0x17 ./src/u8g_dev_st7920_202x32.o
 .progmem.data.u8g_dev_t6963_128x128_init_seq
                0x0000000000000e1c       0x49 ./src/u8g_dev_t6963_128x128.o
 .progmem.data.u8g_dev_t6963_128x64_init_seq
                0x0000000000000e65       0x49 ./src/u8g_dev_t6963_128x64.o
 .progmem.data.u8g_dev_t6963_240x128_init_seq
                0x0000000000000eae       0x49 ./src/u8g_dev_t6963_240x128.o
 .progmem.data.u8g_dev_t6963_240x64_init_seq
                0x0000000000000ef7       0x49 ./src/u8g_dev_t6963_240x64.o
 .progmem.data.u8g_dev_tls8204_init_seq
                0x0000000000000f40       0x20 ./src/u8g_dev_tls8204_84x48.o
 .progmem.data.u8g_dev_uc1601_c128032_init_seq
                0x0000000000000f60       0x1f ./src/u8g_dev_uc1601_c128032.o
 .progmem.data.u8g_dev_uc1601_c128032_data_start
                0x0000000000000f7f        0x8 ./src/u8g_dev_uc1601_c128032.o
 .progmem.data.u8g_dev_uc1601_c128032_sleep_on
                0x0000000000000f87        0xc ./src/u8g_dev_uc1601_c128032.o
 .progmem.data.u8g_dev_uc1601_c128032_sleep_off
                0x0000000000000f93        0xc ./src/u8g_dev_uc1601_c128032.o
 .progmem.data.u8g_dev_uc1608_240x128_init_seq
                0x0000000000000f9f       0x23 ./src/u8g_dev_uc1608_240x128.o
 .progmem.data.u8g_dev_uc1608_240x128_data_start
                0x0000000000000fc2        0x8 ./src/u8g_dev_uc1608_240x128.o
 .progmem.data.u8g_dev_uc1608_240x64_init_seq
                0x0000000000000fca       0x22 ./src/u8g_dev_uc1608_240x64.o
 .progmem.data.u8g_dev_uc1608_240x64_data_start
                0x0000000000000fec        0x8 ./src/u8g_dev_uc1608_240x64.o
 .progmem.data.u8g_dev_uc1610_dogxl160_init_seq
                0x0000000000000ff4       0x21 ./src/u8g_dev_uc1610_dogxl160.o
 .progmem.data.u8g_dev_uc1610_dogxl160_data_start
                0x0000000000001015        0x8 ./src/u8g_dev_uc1610_dogxl160.o
 .progmem.data.u8g_dev_uc1611_dogm240_init_seq
                0x000000000000101d       0x16 ./src/u8g_dev_uc1611_dogm240.o
 .progmem.data.u8g_dev_uc1611_dogm240_data_start
                0x0000000000001033        0x8 ./src/u8g_dev_uc1611_dogm240.o
 .progmem.data.u8g_dev_uc1611_dogxl240_init_seq
                0x000000000000103b       0x16 ./src/u8g_dev_uc1611_dogxl240.o
 .progmem.data.u8g_dev_uc1611_dogxl240_data_start
                0x0000000000001051        0x8 ./src/u8g_dev_uc1611_dogxl240.o
 .progmem.data.u8g_dev_dogs102_init_seq
                0x0000000000001059       0x22 ./src/u8g_dev_uc1701_dogs102.o
 .progmem.data.u8g_dev_dogs102_data_start
                0x000000000000107b        0x8 ./src/u8g_dev_uc1701_dogs102.o
 .progmem.data.u8g_dev_uc1701_mini12864_init_seq
                0x0000000000001083       0x23 ./src/u8g_dev_uc1701_mini12864.o
 .progmem.data.u8g_dev_uc1701_mini12864_data_start
                0x00000000000010a6        0x8 ./src/u8g_dev_uc1701_mini12864.o
 .progmem.u8g_font_m2icon_5
                0x00000000000010ae       0xdd ./src/u8g_font_data.o
                0x00000000000010ae                u8g_font_m2icon_5
 .progmem.u8g_font_m2icon_7
                0x000000000000118b      0x113 ./src/u8g_font_data.o
                0x000000000000118b                u8g_font_m2icon_7
 .progmem.u8g_font_m2icon_9
                0x000000000000129e      0x1d7 ./src/u8g_font_data.o
                0x000000000000129e                u8g_font_m2icon_9
 .progmem.u8g_font_u8glib_4
                0x0000000000001475      0x67c ./src/u8g_font_data.o
                0x0000000000001475                u8g_font_u8glib_4
 .progmem.u8g_font_u8glib_4r
                0x0000000000001af1      0x298 ./src/u8g_font_data.o
                0x0000000000001af1                u8g_font_u8glib_4r
 .progmem.u8g_font_6x12_75r
                0x0000000000001d89      0x1ab ./src/u8g_font_data.o
                0x0000000000001d89                u8g_font_6x12_75r
 .progmem.u8g_font_6x13_75r
                0x0000000000001f34      0x1bf ./src/u8g_font_data.o
                0x0000000000001f34                u8g_font_6x13_75r
 .progmem.u8g_font_7x13_75r
                0x00000000000020f3      0x1d7 ./src/u8g_font_data.o
                0x00000000000020f3                u8g_font_7x13_75r
 .progmem.u8g_font_8x13_75r
                0x00000000000022ca      0x1f0 ./src/u8g_font_data.o
                0x00000000000022ca                u8g_font_8x13_75r
 .progmem.u8g_font_9x15_75r
                0x00000000000024ba      0x318 ./src/u8g_font_data.o
                0x00000000000024ba                u8g_font_9x15_75r
 .progmem.u8g_font_9x18_75r
                0x00000000000027d2      0x318 ./src/u8g_font_data.o
                0x00000000000027d2                u8g_font_9x18_75r
 .progmem.u8g_font_cu12_75r
                0x0000000000002aea      0x463 ./src/u8g_font_data.o
                0x0000000000002aea                u8g_font_cu12_75r
 .progmem.u8g_font_unifont_75r
                0x0000000000002f4d      0x244 ./src/u8g_font_data.o
                0x0000000000002f4d                u8g_font_unifont_75r
 .progmem.u8g_font_10x20_75r
                0x0000000000003191      0x2b5 ./src/u8g_font_data.o
                0x0000000000003191                u8g_font_10x20_75r
 .progmem.u8g_font_10x20_67_75
                0x0000000000003446     0x127e ./src/u8g_font_data.o
                0x0000000000003446                u8g_font_10x20_67_75
 .progmem.u8g_font_10x20_78_79
                0x00000000000046c4      0xa4e ./src/u8g_font_data.o
                0x00000000000046c4                u8g_font_10x20_78_79
 .progmem.u8g_font_10x20
                0x0000000000005112      0xd7d ./src/u8g_font_data.o
                0x0000000000005112                u8g_font_10x20
 .progmem.u8g_font_10x20r
                0x0000000000005e8f      0x683 ./src/u8g_font_data.o
                0x0000000000005e8f                u8g_font_10x20r
 .progmem.u8g_font_4x6
                0x0000000000006512      0x5dc ./src/u8g_font_data.o
                0x0000000000006512                u8g_font_4x6
 .progmem.u8g_font_4x6r
                0x0000000000006aee      0x2de ./src/u8g_font_data.o
                0x0000000000006aee                u8g_font_4x6r
 .progmem.u8g_font_5x7
                0x0000000000006dcc      0x658 ./src/u8g_font_data.o
                0x0000000000006dcc                u8g_font_5x7
 .progmem.u8g_font_5x7r
                0x0000000000007424      0x315 ./src/u8g_font_data.o
                0x0000000000007424                u8g_font_5x7r
 .progmem.u8g_font_5x8
                0x0000000000007739      0x69d ./src/u8g_font_data.o
                0x0000000000007739                u8g_font_5x8
 .progmem.u8g_font_5x8r
                0x0000000000007dd6      0x325 ./src/u8g_font_data.o
                0x0000000000007dd6                u8g_font_5x8r
 .progmem.u8g_font_6x10
                0x00000000000080fb      0x74a ./src/u8g_font_data.o
                0x00000000000080fb                u8g_font_6x10
 .progmem.u8g_font_6x10r
                0x0000000000008845      0x379 ./src/u8g_font_data.o
                0x0000000000008845                u8g_font_6x10r
 .progmem.u8g_font_6x12_67_75
                0x0000000000008bbe      0x94e ./src/u8g_font_data.o
                0x0000000000008bbe                u8g_font_6x12_67_75
 .progmem.u8g_font_6x12_78_79
                0x000000000000950c      0x90c ./src/u8g_font_data.o
                0x000000000000950c                u8g_font_6x12_78_79
 .progmem.u8g_font_6x12
                0x0000000000009e18      0x78d ./src/u8g_font_data.o
                0x0000000000009e18                u8g_font_6x12
 .progmem.u8g_font_6x12r
                0x000000000000a5a5      0x382 ./src/u8g_font_data.o
                0x000000000000a5a5                u8g_font_6x12r
 .progmem.u8g_font_6x13_67_75
                0x000000000000a927      0x8bc ./src/u8g_font_data.o
                0x000000000000a927                u8g_font_6x13_67_75
 .progmem.u8g_font_6x13_78_79
                0x000000000000b1e3      0x5be ./src/u8g_font_data.o
                0x000000000000b1e3                u8g_font_6x13_78_79
 .progmem.u8g_font_6x13B
                0x000000000000b7a1      0x87b ./src/u8g_font_data.o
                0x000000000000b7a1                u8g_font_6x13B
 .progmem.u8g_font_6x13Br
                0x000000000000c01c      0x410 ./src/u8g_font_data.o
                0x000000000000c01c                u8g_font_6x13Br
 .progmem.u8g_font_6x13
                0x000000000000c42c      0x870 ./src/u8g_font_data.o
                0x000000000000c42c                u8g_font_6x13
 .progmem.u8g_font_6x13r
                0x000000000000cc9c      0x411 ./src/u8g_font_data.o
                0x000000000000cc9c                u8g_font_6x13r
 .progmem.u8g_font_6x13O
                0x000000000000d0ad      0x872 ./src/u8g_font_data.o
                0x000000000000d0ad                u8g_font_6x13O
 .progmem.u8g_font_6x13Or
                0x000000000000d91f      0x413 ./src/u8g_font_data.o
                0x000000000000d91f                u8g_font_6x13Or
 .progmem.u8g_font_7x13_67_75
                0x000000000000dd32      0x895 ./src/u8g_font_data.o
                0x000000000000dd32                u8g_font_7x13_67_75
 .progmem.u8g_font_7x13B
                0x000000000000e5c7      0x87c ./src/u8g_font_data.o
                0x000000000000e5c7                u8g_font_7x13B
 .progmem.u8g_font_7x13Br
                0x000000000000ee43      0x411 ./src/u8g_font_data.o
                0x000000000000ee43                u8g_font_7x13Br
 .progmem.u8g_font_7x13
                0x000000000000f254      0x86d ./src/u8g_font_data.o
                0x000000000000f254                u8g_font_7x13
 .progmem.u8g_font_7x13r
                0x000000000000fac1      0x40a ./src/u8g_font_data.o
                0x000000000000fac1                u8g_font_7x13r
 .progmem.u8g_font_7x13O
                0x000000000000fecb      0x86e ./src/u8g_font_data.o
                0x000000000000fecb                u8g_font_7x13O
 .progmem.u8g_font_7x13Or
                0x0000000000010739      0x40b ./src/u8g_font_data.o
                0x0000000000010739                u8g_font_7x13Or
 .progmem.u8g_font_7x14B
                0x0000000000010b44      0x956 ./src/u8g_font_data.o
                0x0000000000010b44                u8g_font_7x14B
 .progmem.u8g_font_7x14Br
                0x000000000001149a      0x47f ./src/u8g_font_data.o
                0x000000000001149a                u8g_font_7x14Br
 .progmem.u8g_font_7x14
                0x0000000000011919      0x946 ./src/u8g_font_data.o
                0x0000000000011919                u8g_font_7x14
 .progmem.u8g_font_7x14r
                0x000000000001225f      0x47f ./src/u8g_font_data.o
                0x000000000001225f                u8g_font_7x14r
 .progmem.u8g_font_8x13_67_75
                0x00000000000126de      0x974 ./src/u8g_font_data.o
                0x00000000000126de                u8g_font_8x13_67_75
 .progmem.u8g_font_8x13B
                0x0000000000013052      0x8fe ./src/u8g_font_data.o
                0x0000000000013052                u8g_font_8x13B
 .progmem.u8g_font_8x13Br
                0x0000000000013950      0x463 ./src/u8g_font_data.o
                0x0000000000013950                u8g_font_8x13Br
 .progmem.u8g_font_8x13
                0x0000000000013db3      0x868 ./src/u8g_font_data.o
                0x0000000000013db3                u8g_font_8x13
 .progmem.u8g_font_8x13r
                0x000000000001461b      0x404 ./src/u8g_font_data.o
                0x000000000001461b                u8g_font_8x13r
 .progmem.u8g_font_8x13O
                0x0000000000014a1f      0x869 ./src/u8g_font_data.o
                0x0000000000014a1f                u8g_font_8x13O
 .progmem.u8g_font_8x13Or
                0x0000000000015288      0x405 ./src/u8g_font_data.o
                0x0000000000015288                u8g_font_8x13Or
 .progmem.u8g_font_9x15_67_75
                0x000000000001568d      0xedc ./src/u8g_font_data.o
                0x000000000001568d                u8g_font_9x15_67_75
 .progmem.u8g_font_9x15_78_79
                0x0000000000016569      0xed3 ./src/u8g_font_data.o
                0x0000000000016569                u8g_font_9x15_78_79
 .progmem.u8g_font_9x15B
                0x000000000001743c      0xbae ./src/u8g_font_data.o
                0x000000000001743c                u8g_font_9x15B
 .progmem.u8g_font_9x15Br
                0x0000000000017fea      0x58f ./src/u8g_font_data.o
                0x0000000000017fea                u8g_font_9x15Br
 .progmem.u8g_font_9x15
                0x0000000000018579      0xb8f ./src/u8g_font_data.o
                0x0000000000018579                u8g_font_9x15
 .progmem.u8g_font_9x15r
                0x0000000000019108      0x593 ./src/u8g_font_data.o
                0x0000000000019108                u8g_font_9x15r
 .progmem.u8g_font_9x18_67_75
                0x000000000001969b      0xf60 ./src/u8g_font_data.o
                0x000000000001969b                u8g_font_9x18_67_75
 .progmem.u8g_font_9x18_78_79
                0x000000000001a5fb      0xd08 ./src/u8g_font_data.o
                0x000000000001a5fb                u8g_font_9x18_78_79
 .progmem.u8g_font_9x18B
                0x000000000001b303      0xbd2 ./src/u8g_font_data.o
                0x000000000001b303                u8g_font_9x18B
 .progmem.u8g_font_9x18
                0x000000000001bed5      0xbc3 ./src/u8g_font_data.o
                0x000000000001bed5                u8g_font_9x18
 .progmem.u8g_font_9x18Br
                0x000000000001ca98      0x59a ./src/u8g_font_data.o
                0x000000000001ca98                u8g_font_9x18Br
 .progmem.u8g_font_9x18r
                0x000000000001d032      0x590 ./src/u8g_font_data.o
                0x000000000001d032                u8g_font_9x18r
 .progmem.u8g_font_cursor
                0x000000000001d5c2     0x14a6 ./src/u8g_font_data.o
                0x000000000001d5c2                u8g_font_cursor
 .progmem.u8g_font_cursorr
                0x000000000001ea68      0x1ec ./src/u8g_font_data.o
                0x000000000001ea68                u8g_font_cursorr
 .progmem.u8g_font_micro
                0x000000000001ec54      0x357 ./src/u8g_font_data.o
                0x000000000001ec54                u8g_font_micro
 .progmem.u8g_font_cu12_67_75
                0x000000000001efab      0xf8d ./src/u8g_font_data.o
                0x000000000001efab                u8g_font_cu12_67_75
 .progmem.u8g_font_cu12
                0x000000000001ff38      0xf99 ./src/u8g_font_data.o
                0x000000000001ff38                u8g_font_cu12
 .progmem.u8g_font_fub11
                0x0000000000020ed1      0xf6c ./src/u8g_font_data.o
                0x0000000000020ed1                u8g_font_fub11
 .progmem.u8g_font_fub11r
                0x0000000000021e3d      0x725 ./src/u8g_font_data.o
                0x0000000000021e3d                u8g_font_fub11r
 .progmem.u8g_font_fub11n
                0x0000000000022562      0x118 ./src/u8g_font_data.o
                0x0000000000022562                u8g_font_fub11n
 .progmem.u8g_font_fub14
                0x000000000002267a     0x169c ./src/u8g_font_data.o
                0x000000000002267a                u8g_font_fub14
 .progmem.u8g_font_fub14r
                0x0000000000023d16      0xa78 ./src/u8g_font_data.o
                0x0000000000023d16                u8g_font_fub14r
 .progmem.u8g_font_fub14n
                0x000000000002478e      0x1c4 ./src/u8g_font_data.o
                0x000000000002478e                u8g_font_fub14n
 .progmem.u8g_font_fub17
                0x0000000000024952     0x1b1a ./src/u8g_font_data.o
                0x0000000000024952                u8g_font_fub17
 .progmem.u8g_font_fub17r
                0x000000000002646c      0xc96 ./src/u8g_font_data.o
                0x000000000002646c                u8g_font_fub17r
 .progmem.u8g_font_fub17n
                0x0000000000027102      0x212 ./src/u8g_font_data.o
                0x0000000000027102                u8g_font_fub17n
 .progmem.u8g_font_fub20
                0x0000000000027314     0x22d4 ./src/u8g_font_data.o
                0x0000000000027314                u8g_font_fub20
 .progmem.u8g_font_fub20r
                0x00000000000295e8      0xfb6 ./src/u8g_font_data.o
                0x00000000000295e8                u8g_font_fub20r
 .progmem.u8g_font_fub20n
                0x000000000002a59e      0x25b ./src/u8g_font_data.o
                0x000000000002a59e                u8g_font_fub20n
 .progmem.u8g_font_fub25
                0x000000000002a7f9     0x326c ./src/u8g_font_data.o
                0x000000000002a7f9                u8g_font_fub25
 .progmem.u8g_font_fub25r
                0x000000000002da65     0x1730 ./src/u8g_font_data.o
                0x000000000002da65                u8g_font_fub25r
 .progmem.u8g_font_fub25n
                0x000000000002f195      0x3d5 ./src/u8g_font_data.o
                0x000000000002f195                u8g_font_fub25n
 .progmem.u8g_font_fub30
                0x000000000002f56a     0x4239 ./src/u8g_font_data.o
                0x000000000002f56a                u8g_font_fub30
 .progmem.u8g_font_fub30r
                0x00000000000337a3     0x1e06 ./src/u8g_font_data.o
                0x00000000000337a3                u8g_font_fub30r
 .progmem.u8g_font_fub30n
                0x00000000000355a9      0x4b5 ./src/u8g_font_data.o
                0x00000000000355a9                u8g_font_fub30n
 .progmem.u8g_font_fub35n
                0x0000000000035a5e      0x6a1 ./src/u8g_font_data.o
                0x0000000000035a5e                u8g_font_fub35n
 .progmem.u8g_font_fub42n
                0x00000000000360ff      0x8de ./src/u8g_font_data.o
                0x00000000000360ff                u8g_font_fub42n
 .progmem.u8g_font_fub49n
                0x00000000000369dd      0xc4c ./src/u8g_font_data.o
                0x00000000000369dd                u8g_font_fub49n
 .progmem.u8g_font_fur11
                0x0000000000037629      0xe80 ./src/u8g_font_data.o
                0x0000000000037629                u8g_font_fur11
 .progmem.u8g_font_fur11r
                0x00000000000384a9      0x6c1 ./src/u8g_font_data.o
                0x00000000000384a9                u8g_font_fur11r
 .progmem.u8g_font_fur11n
                0x0000000000038b6a      0x117 ./src/u8g_font_data.o
                0x0000000000038b6a                u8g_font_fur11n
 .progmem.u8g_font_fur14
                0x0000000000038c81     0x14e5 ./src/u8g_font_data.o
                0x0000000000038c81                u8g_font_fur14
 .progmem.u8g_font_fur14r
                0x000000000003a166      0x9b9 ./src/u8g_font_data.o
                0x000000000003a166                u8g_font_fur14r
 .progmem.u8g_font_fur14n
                0x000000000003ab1f      0x1a5 ./src/u8g_font_data.o
                0x000000000003ab1f                u8g_font_fur14n
 .progmem.u8g_font_fur17
                0x000000000003acc4     0x1a8f ./src/u8g_font_data.o
                0x000000000003acc4                u8g_font_fur17
 .progmem.u8g_font_fur17r
                0x000000000003c753      0xc4a ./src/u8g_font_data.o
                0x000000000003c753                u8g_font_fur17r
 .progmem.u8g_font_fur17n
                0x000000000003d39d      0x210 ./src/u8g_font_data.o
                0x000000000003d39d                u8g_font_fur17n
 .progmem.u8g_font_fur20
                0x000000000003d5ad     0x21ce ./src/u8g_font_data.o
                0x000000000003d5ad                u8g_font_fur20
 .progmem.u8g_font_fur20r
                0x000000000003f77b      0xf88 ./src/u8g_font_data.o
                0x000000000003f77b                u8g_font_fur20r
 .progmem.u8g_font_fur20n
                0x0000000000040703      0x268 ./src/u8g_font_data.o
                0x0000000000040703                u8g_font_fur20n
 .progmem.u8g_font_fur25
                0x000000000004096b     0x2ead ./src/u8g_font_data.o
                0x000000000004096b                u8g_font_fur25
 .progmem.u8g_font_fur25r
                0x0000000000043818     0x150d ./src/u8g_font_data.o
                0x0000000000043818                u8g_font_fur25r
 .progmem.u8g_font_fur25n
                0x0000000000044d25      0x31e ./src/u8g_font_data.o
                0x0000000000044d25                u8g_font_fur25n
 .progmem.u8g_font_fur30
                0x0000000000045043     0x4079 ./src/u8g_font_data.o
                0x0000000000045043                u8g_font_fur30
 .progmem.u8g_font_fur30r
                0x00000000000490bc     0x1cd4 ./src/u8g_font_data.o
                0x00000000000490bc                u8g_font_fur30r
 .progmem.u8g_font_fur30n
                0x000000000004ad90      0x4b1 ./src/u8g_font_data.o
                0x000000000004ad90                u8g_font_fur30n
 .progmem.u8g_font_fur35n
                0x000000000004b241      0x5a7 ./src/u8g_font_data.o
                0x000000000004b241                u8g_font_fur35n
 .progmem.u8g_font_fur42n
                0x000000000004b7e8      0x892 ./src/u8g_font_data.o
                0x000000000004b7e8                u8g_font_fur42n
 .progmem.u8g_font_fur49n
                0x000000000004c07a      0xa7b ./src/u8g_font_data.o
                0x000000000004c07a                u8g_font_fur49n
 .progmem.u8g_font_gdb11
                0x000000000004caf5     0x10d9 ./src/u8g_font_data.o
                0x000000000004caf5                u8g_font_gdb11
 .progmem.u8g_font_gdb12
                0x000000000004dbce     0x1212 ./src/u8g_font_data.o
                0x000000000004dbce                u8g_font_gdb12
 .progmem.u8g_font_gdb14
                0x000000000004ede0     0x179c ./src/u8g_font_data.o
                0x000000000004ede0                u8g_font_gdb14
 .progmem.u8g_font_gdb17
                0x000000000005057c     0x1db0 ./src/u8g_font_data.o
                0x000000000005057c                u8g_font_gdb17
 .progmem.u8g_font_gdb20
                0x000000000005232c     0x275d ./src/u8g_font_data.o
                0x000000000005232c                u8g_font_gdb20
 .progmem.u8g_font_gdb25
                0x0000000000054a89     0x3933 ./src/u8g_font_data.o
                0x0000000000054a89                u8g_font_gdb25
 .progmem.u8g_font_gdb30
                0x00000000000583bc     0x4c34 ./src/u8g_font_data.o
                0x00000000000583bc                u8g_font_gdb30
 .progmem.u8g_font_gdb11r
                0x000000000005cff0      0x7d1 ./src/u8g_font_data.o
                0x000000000005cff0                u8g_font_gdb11r
 .progmem.u8g_font_gdb12r
                0x000000000005d7c1      0x88e ./src/u8g_font_data.o
                0x000000000005d7c1                u8g_font_gdb12r
 .progmem.u8g_font_gdb14r
                0x000000000005e04f      0xb1a ./src/u8g_font_data.o
                0x000000000005e04f                u8g_font_gdb14r
 .progmem.u8g_font_gdb17r
                0x000000000005eb69      0xdd4 ./src/u8g_font_data.o
                0x000000000005eb69                u8g_font_gdb17r
 .progmem.u8g_font_gdb20r
                0x000000000005f93d     0x1248 ./src/u8g_font_data.o
                0x000000000005f93d                u8g_font_gdb20r
 .progmem.u8g_font_gdb25r
                0x0000000000060b85     0x1a7b ./src/u8g_font_data.o
                0x0000000000060b85                u8g_font_gdb25r
 .progmem.u8g_font_gdb30r
                0x0000000000062600     0x2398 ./src/u8g_font_data.o
                0x0000000000062600                u8g_font_gdb30r
 .progmem.u8g_font_gdb11n
                0x0000000000064998      0x116 ./src/u8g_font_data.o
                0x0000000000064998                u8g_font_gdb11n
 .progmem.u8g_font_gdb12n
                0x0000000000064aae      0x12d ./src/u8g_font_data.o
                0x0000000000064aae                u8g_font_gdb12n
 .progmem.u8g_font_gdb14n
                0x0000000000064bdb      0x1d0 ./src/u8g_font_data.o
                0x0000000000064bdb                u8g_font_gdb14n
 .progmem.u8g_font_gdb17n
                0x0000000000064dab      0x231 ./src/u8g_font_data.o
                0x0000000000064dab                u8g_font_gdb17n
 .progmem.u8g_font_gdb20n
                0x0000000000064fdc      0x286 ./src/u8g_font_data.o
                0x0000000000064fdc                u8g_font_gdb20n
 .progmem.u8g_font_gdb25n
                0x0000000000065262      0x3d9 ./src/u8g_font_data.o
                0x0000000000065262                u8g_font_gdb25n
 .progmem.u8g_font_gdb30n
                0x000000000006563b      0x518 ./src/u8g_font_data.o
                0x000000000006563b                u8g_font_gdb30n
 .progmem.u8g_font_gdr9
                0x0000000000065b53      0xcb0 ./src/u8g_font_data.o
                0x0000000000065b53                u8g_font_gdr9
 .progmem.u8g_font_gdr10
                0x0000000000066803      0xe56 ./src/u8g_font_data.o
                0x0000000000066803                u8g_font_gdr10
 .progmem.u8g_font_gdr11
                0x0000000000067659      0xf89 ./src/u8g_font_data.o
                0x0000000000067659                u8g_font_gdr11
 .progmem.u8g_font_gdr12
                0x00000000000685e2     0x1068 ./src/u8g_font_data.o
                0x00000000000685e2                u8g_font_gdr12
 .progmem.u8g_font_gdr14
                0x000000000006964a     0x1736 ./src/u8g_font_data.o
                0x000000000006964a                u8g_font_gdr14
 .progmem.u8g_font_gdr17
                0x000000000006ad80     0x1b90 ./src/u8g_font_data.o
                0x000000000006ad80                u8g_font_gdr17
 .progmem.u8g_font_gdr20
                0x000000000006c910     0x239f ./src/u8g_font_data.o
                0x000000000006c910                u8g_font_gdr20
 .progmem.u8g_font_gdr25
                0x000000000006ecaf     0x32f2 ./src/u8g_font_data.o
                0x000000000006ecaf                u8g_font_gdr25
 .progmem.u8g_font_gdr30
                0x0000000000071fa1     0x47c1 ./src/u8g_font_data.o
                0x0000000000071fa1                u8g_font_gdr30
 .progmem.u8g_font_gdr9r
                0x0000000000076762      0x611 ./src/u8g_font_data.o
                0x0000000000076762                u8g_font_gdr9r
 .progmem.u8g_font_gdr10r
                0x0000000000076d73      0x6bb ./src/u8g_font_data.o
                0x0000000000076d73                u8g_font_gdr10r
 .progmem.u8g_font_gdr11r
                0x000000000007742e      0x74c ./src/u8g_font_data.o
                0x000000000007742e                u8g_font_gdr11r
 .progmem.u8g_font_gdr12r
                0x0000000000077b7a      0x7c8 ./src/u8g_font_data.o
                0x0000000000077b7a                u8g_font_gdr12r
 .progmem.u8g_font_gdr14r
                0x0000000000078342      0xae7 ./src/u8g_font_data.o
                0x0000000000078342                u8g_font_gdr14r
 .progmem.u8g_font_gdr17r
                0x0000000000078e29      0xd34 ./src/u8g_font_data.o
                0x0000000000078e29                u8g_font_gdr17r
 .progmem.u8g_font_gdr20r
                0x0000000000079b5d     0x1088 ./src/u8g_font_data.o
                0x0000000000079b5d                u8g_font_gdr20r
 .progmem.u8g_font_gdr25r
                0x000000000007abe5     0x185f ./src/u8g_font_data.o
                0x000000000007abe5                u8g_font_gdr25r
 .progmem.u8g_font_gdr30r
                0x000000000007c444     0x218c ./src/u8g_font_data.o
                0x000000000007c444                u8g_font_gdr30r
 .progmem.u8g_font_gdr9n
                0x000000000007e5d0       0xf8 ./src/u8g_font_data.o
                0x000000000007e5d0                u8g_font_gdr9n
 .progmem.u8g_font_gdr10n
                0x000000000007e6c8      0x107 ./src/u8g_font_data.o
                0x000000000007e6c8                u8g_font_gdr10n
 .progmem.u8g_font_gdr11n
                0x000000000007e7cf      0x114 ./src/u8g_font_data.o
                0x000000000007e7cf                u8g_font_gdr11n
 .progmem.u8g_font_gdr12n
                0x000000000007e8e3      0x11e ./src/u8g_font_data.o
                0x000000000007e8e3                u8g_font_gdr12n
 .progmem.u8g_font_gdr14n
                0x000000000007ea01      0x1ce ./src/u8g_font_data.o
                0x000000000007ea01                u8g_font_gdr14n
 .progmem.u8g_font_gdr17n
                0x000000000007ebcf      0x22f ./src/u8g_font_data.o
                0x000000000007ebcf                u8g_font_gdr17n
 .progmem.u8g_font_gdr20n
                0x000000000007edfe      0x280 ./src/u8g_font_data.o
                0x000000000007edfe                u8g_font_gdr20n
 .progmem.u8g_font_gdr25n
                0x000000000007f07e      0x343 ./src/u8g_font_data.o
                0x000000000007f07e                u8g_font_gdr25n
 .progmem.u8g_font_gdr30n
                0x000000000007f3c1      0x501 ./src/u8g_font_data.o
                0x000000000007f3c1                u8g_font_gdr30n
 .progmem.u8g_font_osb18
                0x000000000007f8c2     0x1dd5 ./src/u8g_font_data.o
                0x000000000007f8c2                u8g_font_osb18
 .progmem.u8g_font_osb21
                0x0000000000081697     0x258c ./src/u8g_font_data.o
                0x0000000000081697                u8g_font_osb21
 .progmem.u8g_font_osb26
                0x0000000000083c23     0x3160 ./src/u8g_font_data.o
                0x0000000000083c23                u8g_font_osb26
 .progmem.u8g_font_osb29
                0x0000000000086d83     0x3dca ./src/u8g_font_data.o
                0x0000000000086d83                u8g_font_osb29
 .progmem.u8g_font_osb35
                0x000000000008ab4d     0x5651 ./src/u8g_font_data.o
                0x000000000008ab4d                u8g_font_osb35
 .progmem.u8g_font_osb18r
                0x000000000009019e      0xe1b ./src/u8g_font_data.o
                0x000000000009019e                u8g_font_osb18r
 .progmem.u8g_font_osb21r
                0x0000000000090fb9     0x11a9 ./src/u8g_font_data.o
                0x0000000000090fb9                u8g_font_osb21r
 .progmem.u8g_font_osb26r
                0x0000000000092162     0x173e ./src/u8g_font_data.o
                0x0000000000092162                u8g_font_osb26r
 .progmem.u8g_font_osb29r
                0x00000000000938a0     0x1d39 ./src/u8g_font_data.o
                0x00000000000938a0                u8g_font_osb29r
 .progmem.u8g_font_osb35r
                0x00000000000955d9     0x2807 ./src/u8g_font_data.o
                0x00000000000955d9                u8g_font_osb35r
 .progmem.u8g_font_osb18n
                0x0000000000097de0      0x26a ./src/u8g_font_data.o
                0x0000000000097de0                u8g_font_osb18n
 .progmem.u8g_font_osb21n
                0x000000000009804a      0x2d3 ./src/u8g_font_data.o
                0x000000000009804a                u8g_font_osb21n
 .progmem.u8g_font_osb26n
                0x000000000009831d      0x387 ./src/u8g_font_data.o
                0x000000000009831d                u8g_font_osb26n
 .progmem.u8g_font_osb29n
                0x00000000000986a4      0x4e9 ./src/u8g_font_data.o
                0x00000000000986a4                u8g_font_osb29n
 .progmem.u8g_font_osb35n
                0x0000000000098b8d      0x61f ./src/u8g_font_data.o
                0x0000000000098b8d                u8g_font_osb35n
 .progmem.u8g_font_osr18
                0x00000000000991ac     0x1e88 ./src/u8g_font_data.o
                0x00000000000991ac                u8g_font_osr18
 .progmem.u8g_font_osr21
                0x000000000009b034     0x253a ./src/u8g_font_data.o
                0x000000000009b034                u8g_font_osr21
 .progmem.u8g_font_osr26
                0x000000000009d56e     0x3382 ./src/u8g_font_data.o
                0x000000000009d56e                u8g_font_osr26
 .progmem.u8g_font_osr29
                0x00000000000a08f0     0x3f68 ./src/u8g_font_data.o
                0x00000000000a08f0                u8g_font_osr29
 .progmem.u8g_font_osr35
                0x00000000000a4858     0x5762 ./src/u8g_font_data.o
                0x00000000000a4858                u8g_font_osr35
 .progmem.u8g_font_osr18r
                0x00000000000a9fba      0xe63 ./src/u8g_font_data.o
                0x00000000000a9fba                u8g_font_osr18r
 .progmem.u8g_font_osr21r
                0x00000000000aae1d     0x112c ./src/u8g_font_data.o
                0x00000000000aae1d                u8g_font_osr21r
 .progmem.u8g_font_osr26r
                0x00000000000abf49     0x17a1 ./src/u8g_font_data.o
                0x00000000000abf49                u8g_font_osr26r
 .progmem.u8g_font_osr29r
                0x00000000000ad6ea     0x1d95 ./src/u8g_font_data.o
                0x00000000000ad6ea                u8g_font_osr29r
 .progmem.u8g_font_osr35r
                0x00000000000af47f     0x2883 ./src/u8g_font_data.o
                0x00000000000af47f                u8g_font_osr35r
 .progmem.u8g_font_osr18n
                0x00000000000b1d02      0x265 ./src/u8g_font_data.o
                0x00000000000b1d02                u8g_font_osr18n
 .progmem.u8g_font_osr21n
                0x00000000000b1f67      0x2d2 ./src/u8g_font_data.o
                0x00000000000b1f67                u8g_font_osr21n
 .progmem.u8g_font_osr26n
                0x00000000000b2239      0x3bb ./src/u8g_font_data.o
                0x00000000000b2239                u8g_font_osr26n
 .progmem.u8g_font_osr29n
                0x00000000000b25f4      0x4ca ./src/u8g_font_data.o
                0x00000000000b25f4                u8g_font_osr29n
 .progmem.u8g_font_osr35n
                0x00000000000b2abe      0x634 ./src/u8g_font_data.o
                0x00000000000b2abe                u8g_font_osr35n
 .progmem.u8g_font_unifont_18_19
                0x00000000000b30f2     0x1ba6 ./src/u8g_font_data.o
                0x00000000000b30f2                u8g_font_unifont_18_19
 .progmem.u8g_font_unifont_72_73
                0x00000000000b4c98     0x1d90 ./src/u8g_font_data.o
                0x00000000000b4c98                u8g_font_unifont_72_73
 .progmem.u8g_font_unifont_67_75
                0x00000000000b6a28      0xd5d ./src/u8g_font_data.o
                0x00000000000b6a28                u8g_font_unifont_67_75
 .progmem.u8g_font_unifont_76
                0x00000000000b7785      0x9ec ./src/u8g_font_data.o
                0x00000000000b7785                u8g_font_unifont_76
 .progmem.u8g_font_unifont_77
                0x00000000000b8171      0x679 ./src/u8g_font_data.o
                0x00000000000b8171                u8g_font_unifont_77
 .progmem.u8g_font_unifont_78_79
                0x00000000000b87ea     0x1bac ./src/u8g_font_data.o
                0x00000000000b87ea                u8g_font_unifont_78_79
 .progmem.u8g_font_unifont_86
                0x00000000000ba396      0x742 ./src/u8g_font_data.o
                0x00000000000ba396                u8g_font_unifont_86
 .progmem.u8g_font_unifont
                0x00000000000baad8     0x15af ./src/u8g_font_data.o
                0x00000000000baad8                u8g_font_unifont
 .progmem.u8g_font_unifontr
                0x00000000000bc087      0x5cd ./src/u8g_font_data.o
                0x00000000000bc087                u8g_font_unifontr
 .progmem.u8g_font_unifont_0_8
                0x00000000000bc654     0x1099 ./src/u8g_font_data.o
                0x00000000000bc654                u8g_font_unifont_0_8
 .progmem.u8g_font_unifont_2_3
                0x00000000000bd6ed     0x1219 ./src/u8g_font_data.o
                0x00000000000bd6ed                u8g_font_unifont_2_3
 .progmem.u8g_font_unifont_4_5
                0x00000000000be906      0xecf ./src/u8g_font_data.o
                0x00000000000be906                u8g_font_unifont_4_5
 .progmem.u8g_font_unifont_8_9
                0x00000000000bf7d5     0x10b7 ./src/u8g_font_data.o
                0x00000000000bf7d5                u8g_font_unifont_8_9
 .progmem.u8g_font_unifont_12_13
                0x00000000000c088c      0xf93 ./src/u8g_font_data.o
                0x00000000000c088c                u8g_font_unifont_12_13
 .progmem.u8g_font_04b_03b
                0x00000000000c181f      0x33a ./src/u8g_font_data.o
                0x00000000000c181f                u8g_font_04b_03b
 .progmem.u8g_font_04b_03bn
                0x00000000000c1b59       0x88 ./src/u8g_font_data.o
                0x00000000000c1b59                u8g_font_04b_03bn
 .progmem.u8g_font_04b_03br
                0x00000000000c1be1      0x2b8 ./src/u8g_font_data.o
                0x00000000000c1be1                u8g_font_04b_03br
 .progmem.u8g_font_04b_03
                0x00000000000c1e99      0x35b ./src/u8g_font_data.o
                0x00000000000c1e99                u8g_font_04b_03
 .progmem.u8g_font_04b_03n
                0x00000000000c21f4       0x88 ./src/u8g_font_data.o
                0x00000000000c21f4                u8g_font_04b_03n
 .progmem.u8g_font_04b_03r
                0x00000000000c227c      0x2d9 ./src/u8g_font_data.o
                0x00000000000c227c                u8g_font_04b_03r
 .progmem.u8g_font_04b_24
                0x00000000000c2555      0x390 ./src/u8g_font_data.o
                0x00000000000c2555                u8g_font_04b_24
 .progmem.u8g_font_04b_24n
                0x00000000000c28e5       0x88 ./src/u8g_font_data.o
                0x00000000000c28e5                u8g_font_04b_24n
 .progmem.u8g_font_04b_24r
                0x00000000000c296d      0x2df ./src/u8g_font_data.o
                0x00000000000c296d                u8g_font_04b_24r
 .progmem.u8g_font_orgv01
                0x00000000000c2c4c      0x5ff ./src/u8g_font_data.o
                0x00000000000c2c4c                u8g_font_orgv01
 .progmem.u8g_font_orgv01r
                0x00000000000c324b      0x2cf ./src/u8g_font_data.o
                0x00000000000c324b                u8g_font_orgv01r
 .progmem.u8g_font_orgv01n
                0x00000000000c351a       0x89 ./src/u8g_font_data.o
                0x00000000000c351a                u8g_font_orgv01n
 .progmem.u8g_font_fixed_v0
                0x00000000000c35a3      0x6a6 ./src/u8g_font_data.o
                0x00000000000c35a3                u8g_font_fixed_v0
 .progmem.u8g_font_fixed_v0r
                0x00000000000c3c49      0x36e ./src/u8g_font_data.o
                0x00000000000c3c49                u8g_font_fixed_v0r
 .progmem.u8g_font_fixed_v0n
                0x00000000000c3fb7       0xa7 ./src/u8g_font_data.o
                0x00000000000c3fb7                u8g_font_fixed_v0n
 .progmem.u8g_font_tpssb
                0x00000000000c405e      0xa60 ./src/u8g_font_data.o
                0x00000000000c405e                u8g_font_tpssb
 .progmem.u8g_font_tpssbr
                0x00000000000c4abe      0x542 ./src/u8g_font_data.o
                0x00000000000c4abe                u8g_font_tpssbr
 .progmem.u8g_font_tpssbn
                0x00000000000c5000       0xf0 ./src/u8g_font_data.o
                0x00000000000c5000                u8g_font_tpssbn
 .progmem.u8g_font_tpss
                0x00000000000c50f0      0xa2d ./src/u8g_font_data.o
                0x00000000000c50f0                u8g_font_tpss
 .progmem.u8g_font_tpssr
                0x00000000000c5b1d      0x525 ./src/u8g_font_data.o
                0x00000000000c5b1d                u8g_font_tpssr
 .progmem.u8g_font_tpssn
                0x00000000000c6042       0xee ./src/u8g_font_data.o
                0x00000000000c6042                u8g_font_tpssn
 .progmem.u8g_font_freedoomr25n
                0x00000000000c6130      0x3af ./src/u8g_font_data.o
                0x00000000000c6130                u8g_font_freedoomr25n
 .progmem.u8g_font_freedoomr10r
                0x00000000000c64df      0x412 ./src/u8g_font_data.o
                0x00000000000c64df                u8g_font_freedoomr10r
 .progmem.u8g_font_courB08
                0x00000000000c68f1      0x979 ./src/u8g_font_data.o
                0x00000000000c68f1                u8g_font_courB08
 .progmem.u8g_font_courB08r
                0x00000000000c726a      0x479 ./src/u8g_font_data.o
                0x00000000000c726a                u8g_font_courB08r
 .progmem.u8g_font_courB10
                0x00000000000c76e3      0xd1b ./src/u8g_font_data.o
                0x00000000000c76e3                u8g_font_courB10
 .progmem.u8g_font_courB10r
                0x00000000000c83fe      0x60f ./src/u8g_font_data.o
                0x00000000000c83fe                u8g_font_courB10r
 .progmem.u8g_font_courB12
                0x00000000000c8a0d      0xf77 ./src/u8g_font_data.o
                0x00000000000c8a0d                u8g_font_courB12
 .progmem.u8g_font_courB12r
                0x00000000000c9984      0x741 ./src/u8g_font_data.o
                0x00000000000c9984                u8g_font_courB12r
 .progmem.u8g_font_courB14
                0x00000000000ca0c5     0x12b0 ./src/u8g_font_data.o
                0x00000000000ca0c5                u8g_font_courB14
 .progmem.u8g_font_courB14r
                0x00000000000cb375      0x877 ./src/u8g_font_data.o
                0x00000000000cb375                u8g_font_courB14r
 .progmem.u8g_font_courB18
                0x00000000000cbbec     0x191d ./src/u8g_font_data.o
                0x00000000000cbbec                u8g_font_courB18
 .progmem.u8g_font_courB18r
                0x00000000000cd509      0xbb9 ./src/u8g_font_data.o
                0x00000000000cd509                u8g_font_courB18r
 .progmem.u8g_font_courB24
                0x00000000000ce0c2     0x2906 ./src/u8g_font_data.o
                0x00000000000ce0c2                u8g_font_courB24
 .progmem.u8g_font_courB24r
                0x00000000000d09c8     0x12a7 ./src/u8g_font_data.o
                0x00000000000d09c8                u8g_font_courB24r
 .progmem.u8g_font_courB24n
                0x00000000000d1c6f      0x2c3 ./src/u8g_font_data.o
                0x00000000000d1c6f                u8g_font_courB24n
 .progmem.u8g_font_courR08
                0x00000000000d1f32      0x981 ./src/u8g_font_data.o
                0x00000000000d1f32                u8g_font_courR08
 .progmem.u8g_font_courR08r
                0x00000000000d28b3      0x485 ./src/u8g_font_data.o
                0x00000000000d28b3                u8g_font_courR08r
 .progmem.u8g_font_courR10
                0x00000000000d2d38      0xbec ./src/u8g_font_data.o
                0x00000000000d2d38                u8g_font_courR10
 .progmem.u8g_font_courR10r
                0x00000000000d3924      0x5a3 ./src/u8g_font_data.o
                0x00000000000d3924                u8g_font_courR10r
 .progmem.u8g_font_courR12
                0x00000000000d3ec7      0xd8f ./src/u8g_font_data.o
                0x00000000000d3ec7                u8g_font_courR12
 .progmem.u8g_font_courR12r
                0x00000000000d4c56      0x638 ./src/u8g_font_data.o
                0x00000000000d4c56                u8g_font_courR12r
 .progmem.u8g_font_courR14
                0x00000000000d528e     0x10b4 ./src/u8g_font_data.o
                0x00000000000d528e                u8g_font_courR14
 .progmem.u8g_font_courR14r
                0x00000000000d6342      0x7c4 ./src/u8g_font_data.o
                0x00000000000d6342                u8g_font_courR14r
 .progmem.u8g_font_courR18
                0x00000000000d6b06     0x1808 ./src/u8g_font_data.o
                0x00000000000d6b06                u8g_font_courR18
 .progmem.u8g_font_courR18r
                0x00000000000d830e      0xb2e ./src/u8g_font_data.o
                0x00000000000d830e                u8g_font_courR18r
 .progmem.u8g_font_courR24
                0x00000000000d8e3c     0x2219 ./src/u8g_font_data.o
                0x00000000000d8e3c                u8g_font_courR24
 .progmem.u8g_font_courR24r
                0x00000000000db055      0xf97 ./src/u8g_font_data.o
                0x00000000000db055                u8g_font_courR24r
 .progmem.u8g_font_courR24n
                0x00000000000dbfec      0x292 ./src/u8g_font_data.o
                0x00000000000dbfec                u8g_font_courR24n
 .progmem.u8g_font_helvB08
                0x00000000000dc27e      0xa75 ./src/u8g_font_data.o
                0x00000000000dc27e                u8g_font_helvB08
 .progmem.u8g_font_helvB08r
                0x00000000000dccf3      0x507 ./src/u8g_font_data.o
                0x00000000000dccf3                u8g_font_helvB08r
 .progmem.u8g_font_helvB08n
                0x00000000000dd1fa       0xe4 ./src/u8g_font_data.o
                0x00000000000dd1fa                u8g_font_helvB08n
 .progmem.u8g_font_helvB10
                0x00000000000dd2de      0xe6c ./src/u8g_font_data.o
                0x00000000000dd2de                u8g_font_helvB10
 .progmem.u8g_font_helvB10r
                0x00000000000de14a      0x6b8 ./src/u8g_font_data.o
                0x00000000000de14a                u8g_font_helvB10r
 .progmem.u8g_font_helvB10n
                0x00000000000de802      0x109 ./src/u8g_font_data.o
                0x00000000000de802                u8g_font_helvB10n
 .progmem.u8g_font_helvB12
                0x00000000000de90b      0xfed ./src/u8g_font_data.o
                0x00000000000de90b                u8g_font_helvB12
 .progmem.u8g_font_helvB12r
                0x00000000000df8f8      0x77a ./src/u8g_font_data.o
                0x00000000000df8f8                u8g_font_helvB12r
 .progmem.u8g_font_helvB12n
                0x00000000000e0072      0x119 ./src/u8g_font_data.o
                0x00000000000e0072                u8g_font_helvB12n
 .progmem.u8g_font_helvB14
                0x00000000000e018b     0x1571 ./src/u8g_font_data.o
                0x00000000000e018b                u8g_font_helvB14
 .progmem.u8g_font_helvB14r
                0x00000000000e16fc      0x9f4 ./src/u8g_font_data.o
                0x00000000000e16fc                u8g_font_helvB14r
 .progmem.u8g_font_helvB14n
                0x00000000000e20f0      0x1a0 ./src/u8g_font_data.o
                0x00000000000e20f0                u8g_font_helvB14n
 .progmem.u8g_font_helvB18
                0x00000000000e2290     0x1d67 ./src/u8g_font_data.o
                0x00000000000e2290                u8g_font_helvB18
 .progmem.u8g_font_helvB18r
                0x00000000000e3ff7      0xd7d ./src/u8g_font_data.o
                0x00000000000e3ff7                u8g_font_helvB18r
 .progmem.u8g_font_helvB18n
                0x00000000000e4d74      0x219 ./src/u8g_font_data.o
                0x00000000000e4d74                u8g_font_helvB18n
 .progmem.u8g_font_helvB24
                0x00000000000e4f8d     0x2d22 ./src/u8g_font_data.o
                0x00000000000e4f8d                u8g_font_helvB24
 .progmem.u8g_font_helvB24r
                0x00000000000e7caf     0x145e ./src/u8g_font_data.o
                0x00000000000e7caf                u8g_font_helvB24r
 .progmem.u8g_font_helvB24n
                0x00000000000e910d      0x2e7 ./src/u8g_font_data.o
                0x00000000000e910d                u8g_font_helvB24n
 .progmem.u8g_font_helvR08
                0x00000000000e93f4      0xa7f ./src/u8g_font_data.o
                0x00000000000e93f4                u8g_font_helvR08
 .progmem.u8g_font_helvR08r
                0x00000000000e9e73      0x4fc ./src/u8g_font_data.o
                0x00000000000e9e73                u8g_font_helvR08r
 .progmem.u8g_font_helvR08n
                0x00000000000ea36f       0xe2 ./src/u8g_font_data.o
                0x00000000000ea36f                u8g_font_helvR08n
 .progmem.u8g_font_helvR10
                0x00000000000ea451      0xdc7 ./src/u8g_font_data.o
                0x00000000000ea451                u8g_font_helvR10
 .progmem.u8g_font_helvR10r
                0x00000000000eb218      0x670 ./src/u8g_font_data.o
                0x00000000000eb218                u8g_font_helvR10r
 .progmem.u8g_font_helvR10n
                0x00000000000eb888      0x10b ./src/u8g_font_data.o
                0x00000000000eb888                u8g_font_helvR10n
 .progmem.u8g_font_helvR12
                0x00000000000eb993      0xfed ./src/u8g_font_data.o
                0x00000000000eb993                u8g_font_helvR12
 .progmem.u8g_font_helvR12r
                0x00000000000ec980      0x773 ./src/u8g_font_data.o
                0x00000000000ec980                u8g_font_helvR12r
 .progmem.u8g_font_helvR12n
                0x00000000000ed0f3      0x122 ./src/u8g_font_data.o
                0x00000000000ed0f3                u8g_font_helvR12n
 .progmem.u8g_font_helvR14
                0x00000000000ed215     0x1338 ./src/u8g_font_data.o
                0x00000000000ed215                u8g_font_helvR14
 .progmem.u8g_font_helvR14r
                0x00000000000ee54d      0x8e9 ./src/u8g_font_data.o
                0x00000000000ee54d                u8g_font_helvR14r
 .progmem.u8g_font_helvR14n
                0x00000000000eee36      0x137 ./src/u8g_font_data.o
                0x00000000000eee36                u8g_font_helvR14n
 .progmem.u8g_font_helvR18
                0x00000000000eef6d     0x1c8b ./src/u8g_font_data.o
                0x00000000000eef6d                u8g_font_helvR18
 .progmem.u8g_font_helvR18r
                0x00000000000f0bf8      0xd35 ./src/u8g_font_data.o
                0x00000000000f0bf8                u8g_font_helvR18r
 .progmem.u8g_font_helvR18n
                0x00000000000f192d      0x218 ./src/u8g_font_data.o
                0x00000000000f192d                u8g_font_helvR18n
 .progmem.u8g_font_helvR24
                0x00000000000f1b45     0x2ab3 ./src/u8g_font_data.o
                0x00000000000f1b45                u8g_font_helvR24
 .progmem.u8g_font_helvR24r
                0x00000000000f45f8     0x1380 ./src/u8g_font_data.o
                0x00000000000f45f8                u8g_font_helvR24r
 .progmem.u8g_font_helvR24n
                0x00000000000f5978      0x2d6 ./src/u8g_font_data.o
                0x00000000000f5978                u8g_font_helvR24n
 .progmem.u8g_font_ncenB08
                0x00000000000f5c4e      0xac8 ./src/u8g_font_data.o
                0x00000000000f5c4e                u8g_font_ncenB08
 .progmem.u8g_font_ncenB08r
                0x00000000000f6716      0x523 ./src/u8g_font_data.o
                0x00000000000f6716                u8g_font_ncenB08r
 .progmem.u8g_font_ncenB10
                0x00000000000f6c39      0xfa3 ./src/u8g_font_data.o
                0x00000000000f6c39                u8g_font_ncenB10
 .progmem.u8g_font_ncenB10r
                0x00000000000f7bdc      0x73d ./src/u8g_font_data.o
                0x00000000000f7bdc                u8g_font_ncenB10r
 .progmem.u8g_font_ncenB12
                0x00000000000f8319     0x127f ./src/u8g_font_data.o
                0x00000000000f8319                u8g_font_ncenB12
 .progmem.u8g_font_ncenB12r
                0x00000000000f9598      0x892 ./src/u8g_font_data.o
                0x00000000000f9598                u8g_font_ncenB12r
 .progmem.u8g_font_ncenB14
                0x00000000000f9e2a     0x15b6 ./src/u8g_font_data.o
                0x00000000000f9e2a                u8g_font_ncenB14
 .progmem.u8g_font_ncenB14r
                0x00000000000fb3e0      0xa2b ./src/u8g_font_data.o
                0x00000000000fb3e0                u8g_font_ncenB14r
 .progmem.u8g_font_ncenB18
                0x00000000000fbe0b     0x1fb2 ./src/u8g_font_data.o
                0x00000000000fbe0b                u8g_font_ncenB18
 .progmem.u8g_font_ncenB18r
                0x00000000000fddbd      0xe98 ./src/u8g_font_data.o
                0x00000000000fddbd                u8g_font_ncenB18r
 .progmem.u8g_font_ncenB24
                0x00000000000fec55     0x32a4 ./src/u8g_font_data.o
                0x00000000000fec55                u8g_font_ncenB24
 .progmem.u8g_font_ncenB24r
                0x0000000000101ef9     0x1731 ./src/u8g_font_data.o
                0x0000000000101ef9                u8g_font_ncenB24r
 .progmem.u8g_font_ncenB24n
                0x000000000010362a      0x364 ./src/u8g_font_data.o
                0x000000000010362a                u8g_font_ncenB24n
 .progmem.u8g_font_ncenR08
                0x000000000010398e      0xa52 ./src/u8g_font_data.o
                0x000000000010398e                u8g_font_ncenR08
 .progmem.u8g_font_ncenR08r
                0x00000000001043e0      0x4f2 ./src/u8g_font_data.o
                0x00000000001043e0                u8g_font_ncenR08r
 .progmem.u8g_font_ncenR10
                0x00000000001048d2      0xee5 ./src/u8g_font_data.o
                0x00000000001048d2                u8g_font_ncenR10
 .progmem.u8g_font_ncenR10r
                0x00000000001057b7      0x6f5 ./src/u8g_font_data.o
                0x00000000001057b7                u8g_font_ncenR10r
 .progmem.u8g_font_ncenR12
                0x0000000000105eac     0x1097 ./src/u8g_font_data.o
                0x0000000000105eac                u8g_font_ncenR12
 .progmem.u8g_font_ncenR12r
                0x0000000000106f43      0x7b8 ./src/u8g_font_data.o
                0x0000000000106f43                u8g_font_ncenR12r
 .progmem.u8g_font_ncenR14
                0x00000000001076fb     0x14c7 ./src/u8g_font_data.o
                0x00000000001076fb                u8g_font_ncenR14
 .progmem.u8g_font_ncenR14r
                0x0000000000108bc2      0x9e6 ./src/u8g_font_data.o
                0x0000000000108bc2                u8g_font_ncenR14r
 .progmem.u8g_font_ncenR18
                0x00000000001095a8     0x1d40 ./src/u8g_font_data.o
                0x00000000001095a8                u8g_font_ncenR18
 .progmem.u8g_font_ncenR18r
                0x000000000010b2e8      0xd95 ./src/u8g_font_data.o
                0x000000000010b2e8                u8g_font_ncenR18r
 .progmem.u8g_font_ncenR24
                0x000000000010c07d     0x2dd1 ./src/u8g_font_data.o
                0x000000000010c07d                u8g_font_ncenR24
 .progmem.u8g_font_ncenR24r
                0x000000000010ee4e     0x14f7 ./src/u8g_font_data.o
                0x000000000010ee4e                u8g_font_ncenR24r
 .progmem.u8g_font_ncenR24n
                0x0000000000110345      0x2e8 ./src/u8g_font_data.o
                0x0000000000110345                u8g_font_ncenR24n
 .progmem.u8g_font_symb08
                0x000000000011062d      0xa34 ./src/u8g_font_data.o
                0x000000000011062d                u8g_font_symb08
 .progmem.u8g_font_symb08r
                0x0000000000111061      0x4bb ./src/u8g_font_data.o
                0x0000000000111061                u8g_font_symb08r
 .progmem.u8g_font_symb10
                0x000000000011151c      0xd69 ./src/u8g_font_data.o
                0x000000000011151c                u8g_font_symb10
 .progmem.u8g_font_symb10r
                0x0000000000112285      0x661 ./src/u8g_font_data.o
                0x0000000000112285                u8g_font_symb10r
 .progmem.u8g_font_symb12
                0x00000000001128e6     0x1028 ./src/u8g_font_data.o
                0x00000000001128e6                u8g_font_symb12
 .progmem.u8g_font_symb12r
                0x000000000011390e      0x7c1 ./src/u8g_font_data.o
                0x000000000011390e                u8g_font_symb12r
 .progmem.u8g_font_symb14
                0x00000000001140cf     0x1239 ./src/u8g_font_data.o
                0x00000000001140cf                u8g_font_symb14
 .progmem.u8g_font_symb14r
                0x0000000000115308      0x8d5 ./src/u8g_font_data.o
                0x0000000000115308                u8g_font_symb14r
 .progmem.u8g_font_symb18
                0x0000000000115bdd     0x19cc ./src/u8g_font_data.o
                0x0000000000115bdd                u8g_font_symb18
 .progmem.u8g_font_symb18r
                0x00000000001175a9      0xce7 ./src/u8g_font_data.o
                0x00000000001175a9                u8g_font_symb18r
 .progmem.u8g_font_symb24
                0x0000000000118290     0x29e7 ./src/u8g_font_data.o
                0x0000000000118290                u8g_font_symb24
 .progmem.u8g_font_symb24r
                0x000000000011ac77     0x14d7 ./src/u8g_font_data.o
                0x000000000011ac77                u8g_font_symb24r
 .progmem.u8g_font_timB08
                0x000000000011c14e      0x9f7 ./src/u8g_font_data.o
                0x000000000011c14e                u8g_font_timB08
 .progmem.u8g_font_timB08r
                0x000000000011cb45      0x4c5 ./src/u8g_font_data.o
                0x000000000011cb45                u8g_font_timB08r
[...]
 .stab          0x000000000002f574      0x93c ./src/u8g_pb32h1.o
                                        0xca8 (size before relaxing)
 .stab          0x000000000002feb0      0x8a0 ./src/u8g_pb8h1.o
                                        0xc0c (size before relaxing)
 .stab          0x0000000000030750      0x894 ./src/u8g_pb8h1f.o
                                        0xc00 (size before relaxing)
 .stab          0x0000000000030fe4      0x7b0 ./src/u8g_pb8h2.o
                                        0xb1c (size before relaxing)
 .stab          0x0000000000031794      0x810 ./src/u8g_pb8h8.o
                                        0xb7c (size before relaxing)
 .stab          0x0000000000031fa4      0x864 ./src/u8g_pb8v1.o
                                        0xbd0 (size before relaxing)
 .stab          0x0000000000032808      0x750 ./src/u8g_pb8v2.o
                                        0xabc (size before relaxing)
 .stab          0x0000000000032f58      0x858 ./src/u8g_pbxh16.o
                                        0xbc4 (size before relaxing)
 .stab          0x00000000000337b0      0xaec ./src/u8g_pbxh24.o
                                        0xe58 (size before relaxing)
 .stab          0x000000000003429c      0xe58 ./src/u8g_polygon.o
                                       0x11c4 (size before relaxing)
 .stab          0x00000000000350f4      0xcd8 ./src/u8g_rect.o
                                       0x1044 (size before relaxing)
 .stab          0x0000000000035dcc      0xcb4 ./src/u8g_rot.o
                                       0x1020 (size before relaxing)
 .stab          0x0000000000036a80      0x888 ./src/u8g_scale.o
                                        0xbf4 (size before relaxing)
 .stab          0x0000000000037308      0x42c ./src/u8g_state.o
                                        0x798 (size before relaxing)
 .stab          0x0000000000037734      0x474 ./src/u8g_u16toa.o
                                        0x7e0 (size before relaxing)
 .stab          0x0000000000037ba8      0x474 ./src/u8g_u8toa.o
                                        0x7e0 (size before relaxing)
 .stab          0x000000000003801c      0x6f0 ./src/u8g_virtual_screen.o
                                        0xa5c (size before relaxing)
 .stab          0x000000000003870c      0x3d8 ./main.o
                                        0x738 (size before relaxing)

.stabstr        0x0000000000000000    0x13369
 *(.stabstr)
 .stabstr       0x0000000000000000    0x13369 ./src/chessengine.o

.stab.excl
 *(.stab.excl)

.stab.exclstr
 *(.stab.exclstr)

.stab.index
 *(.stab.index)

.stab.indexstr
 *(.stab.indexstr)

.comment        0x0000000000000000       0x11
 *(.comment)
 .comment       0x0000000000000000       0x11 ./src/chessengine.o
                                         0x12 (size before relaxing)
 .comment       0x0000000000000011       0x12 ./src/u8g_bitmap.o
 .comment       0x0000000000000011       0x12 ./src/u8g_circle.o
 .comment       0x0000000000000011       0x12 ./src/u8g_clip.o
 .comment       0x0000000000000011       0x12 ./src/u8g_com_api.o
 .comment       0x0000000000000011       0x12 ./src/u8g_com_api_16gr.o
 .comment       0x0000000000000011       0x12 ./src/u8g_com_arduino_attiny85_hw_spi.o
 .comment       0x0000000000000011       0x12 ./src/u8g_com_arduino_common.o
 .comment       0x0000000000000011       0x12 ./src/u8g_com_arduino_fast_parallel.o
 .comment       0x0000000000000011       0x12 ./src/u8g_com_arduino_hw_spi.o
 .comment       0x0000000000000011       0x12 ./src/u8g_com_arduino_hw_usart_spi.o
 .comment       0x0000000000000011       0x12 ./src/u8g_com_arduino_no_en_parallel.o
 .comment       0x0000000000000011       0x12 ./src/u8g_com_arduino_parallel.o
 .comment       0x0000000000000011       0x12 ./src/u8g_com_arduino_port_d_wr.o
 .comment       0x0000000000000011       0x12 ./src/u8g_com_arduino_ssd_i2c.o
 .comment       0x0000000000000011       0x12 ./src/u8g_com_arduino_st7920_custom.o
 .comment       0x0000000000000011       0x12 ./src/u8g_com_arduino_st7920_hw_spi.o
 .comment       0x0000000000000011       0x12 ./src/u8g_com_arduino_st7920_spi.o
 .comment       0x0000000000000011       0x12 ./src/u8g_com_arduino_std_sw_spi.o
 .comment       0x0000000000000011       0x12 ./src/u8g_com_arduino_sw_spi.o
 .comment       0x0000000000000011       0x12 ./src/u8g_com_arduino_t6963.o
 .comment       0x0000000000000011       0x12 ./src/u8g_com_arduino_uc_i2c.o
 .comment       0x0000000000000011       0x12 ./src/u8g_com_atmega_hw_spi.o
 .comment       0x0000000000000011       0x12 ./src/u8g_com_atmega_parallel.o
 .comment       0x0000000000000011       0x12 ./src/u8g_com_atmega_st7920_hw_spi.o
 .comment       0x0000000000000011       0x12 ./src/u8g_com_atmega_st7920_spi.o
 .comment       0x0000000000000011       0x12 ./src/u8g_com_atmega_sw_spi.o
 .comment       0x0000000000000011       0x12 ./src/u8g_com_i2c.o
 .comment       0x0000000000000011       0x12 ./src/u8g_com_io.o
 .comment       0x0000000000000011       0x12 ./src/u8g_com_msp430_hw_spi.o
 .comment       0x0000000000000011       0x12 ./src/u8g_com_null.o
 .comment       0x0000000000000011       0x12 ./src/u8g_com_raspberrypi_hw_spi.o
 .comment       0x0000000000000011       0x12 ./src/u8g_com_raspberrypi_ssd_i2c.o
 .comment       0x0000000000000011       0x12 ./src/u8g_com_std_sw_spi.o
 .comment       0x0000000000000011       0x12 ./src/u8g_cursor.o
 .comment       0x0000000000000011       0x12 ./src/u8g_delay.o
 .comment       0x0000000000000011       0x12 ./src/u8g_dev_a2_micro_printer.o
 .comment       0x0000000000000011       0x12 ./src/u8g_dev_flipdisc_2x7.o
 .comment       0x0000000000000011       0x12 ./src/u8g_dev_gprof.o
 .comment       0x0000000000000011       0x12 ./src/u8g_dev_ht1632.o
 .comment       0x0000000000000011       0x12 ./src/u8g_dev_ili9325d_320x240.o
 .comment       0x0000000000000011       0x12 ./src/u8g_dev_ks0108_128x64.o
 .comment       0x0000000000000011       0x12 ./src/u8g_dev_lc7981_160x80.o
 .comment       0x0000000000000011       0x12 ./src/u8g_dev_lc7981_240x128.o
 .comment       0x0000000000000011       0x12 ./src/u8g_dev_lc7981_240x64.o
 .comment       0x0000000000000011       0x12 ./src/u8g_dev_lc7981_320x64.o
 .comment       0x0000000000000011       0x12 ./src/u8g_dev_ld7032_60x32.o
 .comment       0x0000000000000011       0x12 ./src/u8g_dev_null.o
 .comment       0x0000000000000011       0x12 ./src/u8g_dev_pcd8544_84x48.o
 .comment       0x0000000000000011       0x12 ./src/u8g_dev_pcf8812_96x65.o
 .comment       0x0000000000000011       0x12 ./src/u8g_dev_sbn1661_122x32.o
 .comment       0x0000000000000011       0x12 ./src/u8g_dev_ssd1306_128x32.o
 .comment       0x0000000000000011       0x12 ./src/u8g_dev_ssd1306_128x64.o
 .comment       0x0000000000000011       0x12 ./src/u8g_dev_ssd1306_64x48.o
 .comment       0x0000000000000011       0x12 ./src/u8g_dev_ssd1309_128x64.o
 .comment       0x0000000000000011       0x12 ./src/u8g_dev_ssd1322_nhd31oled_bw.o
 .comment       0x0000000000000011       0x12 ./src/u8g_dev_ssd1322_nhd31oled_gr.o
 .comment       0x0000000000000011       0x12 ./src/u8g_dev_ssd1325_nhd27oled_bw.o
 .comment       0x0000000000000011       0x12 ./src/u8g_dev_ssd1325_nhd27oled_bw_new.o
 .comment       0x0000000000000011       0x12 ./src/u8g_dev_ssd1325_nhd27oled_gr.o
 .comment       0x0000000000000011       0x12 ./src/u8g_dev_ssd1325_nhd27oled_gr_new.o
 .comment       0x0000000000000011       0x12 ./src/u8g_dev_ssd1327_96x96_gr.o
 .comment       0x0000000000000011       0x12 ./src/u8g_dev_ssd1351_128x128.o
 .comment       0x0000000000000011       0x12 ./src/u8g_dev_ssd1353_160x128.o
 .comment       0x0000000000000011       0x12 ./src/u8g_dev_st7565_64128n.o
 .comment       0x0000000000000011       0x12 ./src/u8g_dev_st7565_dogm128.o
 .comment       0x0000000000000011       0x12 ./src/u8g_dev_st7565_dogm132.o
 .comment       0x0000000000000011       0x12 ./src/u8g_dev_st7565_lm6059.o
 .comment       0x0000000000000011       0x12 ./src/u8g_dev_st7565_lm6063.o
 .comment       0x0000000000000011       0x12 ./src/u8g_dev_st7565_nhd_c12832.o
 .comment       0x0000000000000011       0x12 ./src/u8g_dev_st7565_nhd_c12864.o
 .comment       0x0000000000000011       0x12 ./src/u8g_dev_st7687_c144mvgd.o
 .comment       0x0000000000000011       0x12 ./src/u8g_dev_st7920_128x64.o
 .comment       0x0000000000000011       0x12 ./src/u8g_dev_st7920_192x32.o
 .comment       0x0000000000000011       0x12 ./src/u8g_dev_st7920_202x32.o
 .comment       0x0000000000000011       0x12 ./src/u8g_dev_t6963_128x128.o
 .comment       0x0000000000000011       0x12 ./src/u8g_dev_t6963_128x64.o
 .comment       0x0000000000000011       0x12 ./src/u8g_dev_t6963_240x128.o
 .comment       0x0000000000000011       0x12 ./src/u8g_dev_t6963_240x64.o
 .comment       0x0000000000000011       0x12 ./src/u8g_dev_tls8204_84x48.o
 .comment       0x0000000000000011       0x12 ./src/u8g_dev_uc1601_c128032.o
 .comment       0x0000000000000011       0x12 ./src/u8g_dev_uc1608_240x128.o
 .comment       0x0000000000000011       0x12 ./src/u8g_dev_uc1608_240x64.o
 .comment       0x0000000000000011       0x12 ./src/u8g_dev_uc1610_dogxl160.o
 .comment       0x0000000000000011       0x12 ./src/u8g_dev_uc1611_dogm240.o
 .comment       0x0000000000000011       0x12 ./src/u8g_dev_uc1611_dogxl240.o
 .comment       0x0000000000000011       0x12 ./src/u8g_dev_uc1701_dogs102.o
 .comment       0x0000000000000011       0x12 ./src/u8g_dev_uc1701_mini12864.o
 .comment       0x0000000000000011       0x12 ./src/u8g_ellipse.o
 .comment       0x0000000000000011       0x12 ./src/u8g_font.o
 .comment       0x0000000000000011       0x12 ./src/u8g_font_data.o
 .comment       0x0000000000000011       0x12 ./src/u8g_line.o
 .comment       0x0000000000000011       0x12 ./src/u8g_ll_api.o
 .comment       0x0000000000000011       0x12 ./src/u8g_page.o
 .comment       0x0000000000000011       0x12 ./src/u8g_pb.o
 .comment       0x0000000000000011       0x12 ./src/u8g_pb14v1.o
 .comment       0x0000000000000011       0x12 ./src/u8g_pb16h1.o
 .comment       0x0000000000000011       0x12 ./src/u8g_pb16h2.o
 .comment       0x0000000000000011       0x12 ./src/u8g_pb16v1.o
 .comment       0x0000000000000011       0x12 ./src/u8g_pb16v2.o
 .comment       0x0000000000000011       0x12 ./src/u8g_pb32h1.o
 .comment       0x0000000000000011       0x12 ./src/u8g_pb8h1.o
 .comment       0x0000000000000011       0x12 ./src/u8g_pb8h1f.o
 .comment       0x0000000000000011       0x12 ./src/u8g_pb8h2.o
 .comment       0x0000000000000011       0x12 ./src/u8g_pb8h8.o
 .comment       0x0000000000000011       0x12 ./src/u8g_pb8v1.o
 .comment       0x0000000000000011       0x12 ./src/u8g_pb8v2.o
 .comment       0x0000000000000011       0x12 ./src/u8g_pbxh16.o
 .comment       0x0000000000000011       0x12 ./src/u8g_pbxh24.o
 .comment       0x0000000000000011       0x12 ./src/u8g_polygon.o
 .comment       0x0000000000000011       0x12 ./src/u8g_rect.o
 .comment       0x0000000000000011       0x12 ./src/u8g_rot.o
 .comment       0x0000000000000011       0x12 ./src/u8g_scale.o
 .comment       0x0000000000000011       0x12 ./src/u8g_state.o
 .comment       0x0000000000000011       0x12 ./src/u8g_u16toa.o
 .comment       0x0000000000000011       0x12 ./src/u8g_u8toa.o
 .comment       0x0000000000000011       0x12 ./src/u8g_virtual_screen.o
 .comment       0x0000000000000011       0x12 ./main.o

.note.gnu.avr.deviceinfo
                0x0000000000000000       0x3c
 .note.gnu.avr.deviceinfo
                0x0000000000000000       0x3c /usr/local/Cellar/avr-gcc/7.2.0/lib/avr-gcc/7/gcc/avr/7.2.0/../../../../../../avr/lib/avr5/crtatmega16.o

.avr.prop       0x0000000000000000      0x276
 .avr.prop      0x0000000000000000       0x16 ./src/chessengine.o
 .avr.prop      0x0000000000000016       0x16 ./src/u8g_com_arduino_ssd_i2c.o
 .avr.prop      0x000000000000002c       0x16 ./src/u8g_com_arduino_uc_i2c.o
 .avr.prop      0x0000000000000042       0x16 ./src/u8g_com_atmega_hw_spi.o
 .avr.prop      0x0000000000000058       0x16 ./src/u8g_com_atmega_parallel.o
 .avr.prop      0x000000000000006e       0x16 ./src/u8g_com_atmega_st7920_hw_spi.o
 .avr.prop      0x0000000000000084       0x16 ./src/u8g_com_atmega_st7920_spi.o
 .avr.prop      0x000000000000009a       0x16 ./src/u8g_com_atmega_sw_spi.o
 .avr.prop      0x00000000000000b0       0x16 ./src/u8g_com_std_sw_spi.o
 .avr.prop      0x00000000000000c6       0x16 ./src/u8g_dev_gprof.o
 .avr.prop      0x00000000000000dc       0x16 ./src/u8g_dev_null.o
 .avr.prop      0x00000000000000f2       0x16 ./src/u8g_pb14v1.o
 .avr.prop      0x0000000000000108       0x16 ./src/u8g_pb16h1.o
 .avr.prop      0x000000000000011e       0x16 ./src/u8g_pb16h2.o
 .avr.prop      0x0000000000000134       0x16 ./src/u8g_pb16v1.o
 .avr.prop      0x000000000000014a       0x16 ./src/u8g_pb16v2.o
 .avr.prop      0x0000000000000160       0x16 ./src/u8g_pb32h1.o
 .avr.prop      0x0000000000000176       0x16 ./src/u8g_pb8h1.o
 .avr.prop      0x000000000000018c       0x16 ./src/u8g_pb8h1f.o
 .avr.prop      0x00000000000001a2       0x16 ./src/u8g_pb8h2.o
 .avr.prop      0x00000000000001b8       0x16 ./src/u8g_pb8h8.o
 .avr.prop      0x00000000000001ce       0x16 ./src/u8g_pb8v1.o
 .avr.prop      0x00000000000001e4       0x16 ./src/u8g_pb8v2.o
 .avr.prop      0x00000000000001fa       0x16 ./src/u8g_pbxh16.o
 .avr.prop      0x0000000000000210       0x16 ./src/u8g_pbxh24.o
 .avr.prop      0x0000000000000226       0x3a ./src/u8g_rot.o
 .avr.prop      0x0000000000000260       0x16 ./src/u8g_virtual_screen.o

.note.gnu.build-id
 *(.note.gnu.build-id)

.debug
 *(.debug)

.line
 *(.line)

.debug_srcinfo
 *(.debug_srcinfo)

.debug_sfnames
 *(.debug_sfnames)

.debug_aranges  0x0000000000000000       0xe0
 *(.debug_aranges)
 .debug_aranges
                0x0000000000000000       0x20 /usr/local/Cellar/avr-gcc/7.2.0/lib/avr-gcc/7/gcc/avr/7.2.0/avr5/libgcc.a(_divmodhi4.o)
 .debug_aranges
                0x0000000000000020       0x20 /usr/local/Cellar/avr-gcc/7.2.0/lib/avr-gcc/7/gcc/avr/7.2.0/avr5/libgcc.a(_exit.o)
 .debug_aranges
                0x0000000000000040       0x20 /usr/local/Cellar/avr-gcc/7.2.0/lib/avr-gcc/7/gcc/avr/7.2.0/avr5/libgcc.a(_tablejump2.o)
 .debug_aranges
                0x0000000000000060       0x20 /usr/local/Cellar/avr-gcc/7.2.0/lib/avr-gcc/7/gcc/avr/7.2.0/avr5/libgcc.a(_copy_data.o)
 .debug_aranges
                0x0000000000000080       0x20 /usr/local/Cellar/avr-gcc/7.2.0/lib/avr-gcc/7/gcc/avr/7.2.0/avr5/libgcc.a(_clear_bss.o)
 .debug_aranges
                0x00000000000000a0       0x20 /usr/local/Cellar/avr-gcc/7.2.0/lib/avr-gcc/7/gcc/avr/7.2.0/avr5/libgcc.a(_umulhisi3.o)
 .debug_aranges
                0x00000000000000c0       0x20 /usr/local/Cellar/avr-gcc/7.2.0/lib/avr-gcc/7/gcc/avr/7.2.0/avr5/libgcc.a(_udivmodhi4.o)

.debug_pubnames
 *(.debug_pubnames)

.debug_info     0x0000000000000000      0x638
 *(.debug_info .gnu.linkonce.wi.*)
 .debug_info    0x0000000000000000      0x52e /usr/local/Cellar/avr-gcc/7.2.0/lib/avr-gcc/7/gcc/avr/7.2.0/../../../../../../avr/lib/avr5/crtatmega16.o
 .debug_info    0x000000000000052e       0x26 /usr/local/Cellar/avr-gcc/7.2.0/lib/avr-gcc/7/gcc/avr/7.2.0/avr5/libgcc.a(_divmodhi4.o)
 .debug_info    0x0000000000000554       0x26 /usr/local/Cellar/avr-gcc/7.2.0/lib/avr-gcc/7/gcc/avr/7.2.0/avr5/libgcc.a(_exit.o)
 .debug_info    0x000000000000057a       0x26 /usr/local/Cellar/avr-gcc/7.2.0/lib/avr-gcc/7/gcc/avr/7.2.0/avr5/libgcc.a(_tablejump2.o)
 .debug_info    0x00000000000005a0       0x26 /usr/local/Cellar/avr-gcc/7.2.0/lib/avr-gcc/7/gcc/avr/7.2.0/avr5/libgcc.a(_copy_data.o)
 .debug_info    0x00000000000005c6       0x26 /usr/local/Cellar/avr-gcc/7.2.0/lib/avr-gcc/7/gcc/avr/7.2.0/avr5/libgcc.a(_clear_bss.o)
 .debug_info    0x00000000000005ec       0x26 /usr/local/Cellar/avr-gcc/7.2.0/lib/avr-gcc/7/gcc/avr/7.2.0/avr5/libgcc.a(_umulhisi3.o)
 .debug_info    0x0000000000000612       0x26 /usr/local/Cellar/avr-gcc/7.2.0/lib/avr-gcc/7/gcc/avr/7.2.0/avr5/libgcc.a(_udivmodhi4.o)

.debug_abbrev   0x0000000000000000      0x573
 *(.debug_abbrev)
 .debug_abbrev  0x0000000000000000      0x4e7 /usr/local/Cellar/avr-gcc/7.2.0/lib/avr-gcc/7/gcc/avr/7.2.0/../../../../../../avr/lib/avr5/crtatmega16.o
 .debug_abbrev  0x00000000000004e7       0x14 /usr/local/Cellar/avr-gcc/7.2.0/lib/avr-gcc/7/gcc/avr/7.2.0/avr5/libgcc.a(_divmodhi4.o)
 .debug_abbrev  0x00000000000004fb       0x14 /usr/local/Cellar/avr-gcc/7.2.0/lib/avr-gcc/7/gcc/avr/7.2.0/avr5/libgcc.a(_exit.o)
 .debug_abbrev  0x000000000000050f       0x14 /usr/local/Cellar/avr-gcc/7.2.0/lib/avr-gcc/7/gcc/avr/7.2.0/avr5/libgcc.a(_tablejump2.o)
 .debug_abbrev  0x0000000000000523       0x14 /usr/local/Cellar/avr-gcc/7.2.0/lib/avr-gcc/7/gcc/avr/7.2.0/avr5/libgcc.a(_copy_data.o)
 .debug_abbrev  0x0000000000000537       0x14 /usr/local/Cellar/avr-gcc/7.2.0/lib/avr-gcc/7/gcc/avr/7.2.0/avr5/libgcc.a(_clear_bss.o)
 .debug_abbrev  0x000000000000054b       0x14 /usr/local/Cellar/avr-gcc/7.2.0/lib/avr-gcc/7/gcc/avr/7.2.0/avr5/libgcc.a(_umulhisi3.o)
 .debug_abbrev  0x000000000000055f       0x14 /usr/local/Cellar/avr-gcc/7.2.0/lib/avr-gcc/7/gcc/avr/7.2.0/avr5/libgcc.a(_udivmodhi4.o)

.debug_line     0x0000000000000000      0x456
 *(.debug_line .debug_line.* .debug_line_end)
 .debug_line    0x0000000000000000       0x1d /usr/local/Cellar/avr-gcc/7.2.0/lib/avr-gcc/7/gcc/avr/7.2.0/../../../../../../avr/lib/avr5/crtatmega16.o
 .debug_line    0x000000000000001d       0xc7 /usr/local/Cellar/avr-gcc/7.2.0/lib/avr-gcc/7/gcc/avr/7.2.0/avr5/libgcc.a(_divmodhi4.o)
 .debug_line    0x00000000000000e4       0x61 /usr/local/Cellar/avr-gcc/7.2.0/lib/avr-gcc/7/gcc/avr/7.2.0/avr5/libgcc.a(_exit.o)
 .debug_line    0x0000000000000145       0x79 /usr/local/Cellar/avr-gcc/7.2.0/lib/avr-gcc/7/gcc/avr/7.2.0/avr5/libgcc.a(_tablejump2.o)
 .debug_line    0x00000000000001be       0x97 /usr/local/Cellar/avr-gcc/7.2.0/lib/avr-gcc/7/gcc/avr/7.2.0/avr5/libgcc.a(_copy_data.o)
 .debug_line    0x0000000000000255       0x85 /usr/local/Cellar/avr-gcc/7.2.0/lib/avr-gcc/7/gcc/avr/7.2.0/avr5/libgcc.a(_clear_bss.o)
 .debug_line    0x00000000000002da       0xaf /usr/local/Cellar/avr-gcc/7.2.0/lib/avr-gcc/7/gcc/avr/7.2.0/avr5/libgcc.a(_umulhisi3.o)
 .debug_line    0x0000000000000389       0xcd /usr/local/Cellar/avr-gcc/7.2.0/lib/avr-gcc/7/gcc/avr/7.2.0/avr5/libgcc.a(_udivmodhi4.o)

.debug_frame
 *(.debug_frame)

.debug_str      0x0000000000000000      0x231
 *(.debug_str)
 .debug_str     0x0000000000000000      0x1af /usr/local/Cellar/avr-gcc/7.2.0/lib/avr-gcc/7/gcc/avr/7.2.0/../../../../../../avr/lib/avr5/crtatmega16.o
 .debug_str     0x00000000000001af       0x82 /usr/local/Cellar/avr-gcc/7.2.0/lib/avr-gcc/7/gcc/avr/7.2.0/avr5/libgcc.a(_divmodhi4.o)
 .debug_str     0x0000000000000231       0x82 /usr/local/Cellar/avr-gcc/7.2.0/lib/avr-gcc/7/gcc/avr/7.2.0/avr5/libgcc.a(_exit.o)
 .debug_str     0x0000000000000231       0x82 /usr/local/Cellar/avr-gcc/7.2.0/lib/avr-gcc/7/gcc/avr/7.2.0/avr5/libgcc.a(_tablejump2.o)
 .debug_str     0x0000000000000231       0x82 /usr/local/Cellar/avr-gcc/7.2.0/lib/avr-gcc/7/gcc/avr/7.2.0/avr5/libgcc.a(_copy_data.o)
 .debug_str     0x0000000000000231       0x82 /usr/local/Cellar/avr-gcc/7.2.0/lib/avr-gcc/7/gcc/avr/7.2.0/avr5/libgcc.a(_clear_bss.o)
 .debug_str     0x0000000000000231       0x82 /usr/local/Cellar/avr-gcc/7.2.0/lib/avr-gcc/7/gcc/avr/7.2.0/avr5/libgcc.a(_umulhisi3.o)
 .debug_str     0x0000000000000231       0x82 /usr/local/Cellar/avr-gcc/7.2.0/lib/avr-gcc/7/gcc/avr/7.2.0/avr5/libgcc.a(_udivmodhi4.o)

.debug_loc
 *(.debug_loc)

.debug_macinfo
 *(.debug_macinfo)

.debug_weaknames
 *(.debug_weaknames)

.debug_funcnames
 *(.debug_funcnames)

.debug_typenames
 *(.debug_typenames)

.debug_varnames
 *(.debug_varnames)

.debug_pubtypes
 *(.debug_pubtypes)

.debug_ranges
 *(.debug_ranges)

.debug_macro
 *(.debug_macro)

.debug_addr
 *(.debug_addr)
OUTPUT(10_LED_WIFI_RX.elf elf32-avr)
LOAD linker stubs
