Archive member included to satisfy reference by file (symbol)

/usr/local/Cellar/avr-gcc/7.2.0/lib/avr-gcc/7/gcc/avr/7.2.0/avr5/libgcc.a(_udivmodhi4.o)
                              ./src/oled/u8g_u16toa.o (__udivmodhi4)
/usr/local/Cellar/avr-gcc/7.2.0/lib/avr-gcc/7/gcc/avr/7.2.0/avr5/libgcc.a(_divmodhi4.o)
                              ./src/oled/u8g_polygon.o (__divmodhi4)
/usr/local/Cellar/avr-gcc/7.2.0/lib/avr-gcc/7/gcc/avr/7.2.0/avr5/libgcc.a(_exit.o)
                              /usr/local/Cellar/avr-gcc/7.2.0/lib/avr-gcc/7/gcc/avr/7.2.0/../../../../../../avr/lib/avr5/crtatmega32.o (exit)
/usr/local/Cellar/avr-gcc/7.2.0/lib/avr-gcc/7/gcc/avr/7.2.0/avr5/libgcc.a(_tablejump2.o)
                              ./src/oled/u8g_com_atmega_hw_spi.o (__tablejump2__)
/usr/local/Cellar/avr-gcc/7.2.0/lib/avr-gcc/7/gcc/avr/7.2.0/avr5/libgcc.a(_copy_data.o)
                              ./src/oled/chessengine.o (__do_copy_data)
/usr/local/Cellar/avr-gcc/7.2.0/lib/avr-gcc/7/gcc/avr/7.2.0/avr5/libgcc.a(_clear_bss.o)
                              ./src/oled/chessengine.o (__do_clear_bss)
/usr/local/Cellar/avr-gcc/7.2.0/lib/avr-gcc/7/gcc/avr/7.2.0/../../../../../../avr/lib/avr5/libc.a(memcpy_P.o)
                              ./src/oled/u8g_com_io.o (memcpy_P)
/usr/local/Cellar/avr-gcc/7.2.0/lib/avr-gcc/7/gcc/avr/7.2.0/../../../../../../avr/lib/avr5/libc.a(itoa.o)
                              ./main.o (itoa)
/usr/local/Cellar/avr-gcc/7.2.0/lib/avr-gcc/7/gcc/avr/7.2.0/../../../../../../avr/lib/avr5/libc.a(itoa_ncheck.o)
                              /usr/local/Cellar/avr-gcc/7.2.0/lib/avr-gcc/7/gcc/avr/7.2.0/../../../../../../avr/lib/avr5/libc.a(itoa.o) (__itoa_ncheck)
/usr/local/Cellar/avr-gcc/7.2.0/lib/avr-gcc/7/gcc/avr/7.2.0/../../../../../../avr/lib/avr5/libc.a(utoa_ncheck.o)
                              /usr/local/Cellar/avr-gcc/7.2.0/lib/avr-gcc/7/gcc/avr/7.2.0/../../../../../../avr/lib/avr5/libc.a(itoa_ncheck.o) (__utoa_common)
/usr/local/Cellar/avr-gcc/7.2.0/lib/avr-gcc/7/gcc/avr/7.2.0/../../../../../../avr/lib/avr5/libc.a(strrev.o)
                              /usr/local/Cellar/avr-gcc/7.2.0/lib/avr-gcc/7/gcc/avr/7.2.0/../../../../../../avr/lib/avr5/libc.a(utoa_ncheck.o) (strrev)

Allocating common symbols
Common symbol       size              file

lrc_u8g             0x2               ./src/oled/chessengine.o
chess_low_edge      0x1               ./src/oled/chessengine.o
packet              0x3               ./main.o
u8g                 0x37              ./main.o
u8g_vs_width        0x1               ./src/oled/u8g_virtual_screen.o
u8g_vs_height       0x1               ./src/oled/u8g_virtual_screen.o
u8g_pb_dev_gprof_buf
                    0x80              ./src/oled/u8g_dev_gprof.o
u8g_vs_list         0x10              ./src/oled/u8g_virtual_screen.o
payload_len         0x1               ./src/nrf24/nrf24.o
lrc_obj             0xeb              ./src/oled/chessengine.o
u8g_write_flip_disc_matrix
                    0x2               ./src/oled/u8g_dev_flipdisc_2x7.o
u8g_vs_current      0x1               ./src/oled/u8g_virtual_screen.o
global_SREG_backup  0x1               ./src/oled/u8g_state.o
u8g_pg              0x42              ./src/oled/u8g_polygon.o
status              0x1               ./main.o

Discarded input sections

 .data          0x0000000000000000        0x0 /usr/local/Cellar/avr-gcc/7.2.0/lib/avr-gcc/7/gcc/avr/7.2.0/../../../../../../avr/lib/avr5/crtatmega32.o
 .bss           0x0000000000000000        0x0 /usr/local/Cellar/avr-gcc/7.2.0/lib/avr-gcc/7/gcc/avr/7.2.0/../../../../../../avr/lib/avr5/crtatmega32.o
 .text          0x0000000000000000        0x0 ./src/oled/chessengine.o
 .data          0x0000000000000000        0x0 ./src/oled/chessengine.o
 .bss           0x0000000000000000        0x0 ./src/oled/chessengine.o
 .text.cu_add_pos
                0x0000000000000000       0x14 ./src/oled/chessengine.o
 .text.stack_GetCurrElement
                0x0000000000000000        0xa ./src/oled/chessengine.o
 .text.stack_Push
                0x0000000000000000       0x34 ./src/oled/chessengine.o
 .text.stack_Pop
                0x0000000000000000       0x20 ./src/oled/chessengine.o
 .text.stack_InitCurrElement
                0x0000000000000000       0x18 ./src/oled/chessengine.o
 .text.stack_Init
                0x0000000000000000       0x32 ./src/oled/chessengine.o
 .text.stack_SetMove
                0x0000000000000000       0x1e ./src/oled/chessengine.o
 .text.cu_NextPos
                0x0000000000000000       0x16 ./src/oled/chessengine.o
 .text.cu_PrevPos
                0x0000000000000000       0x14 ./src/oled/chessengine.o
 .text.cp_GetFromBoard
                0x0000000000000000       0x16 ./src/oled/chessengine.o
 .text.cp_SetOnBoard
                0x0000000000000000       0x16 ./src/oled/chessengine.o
 .text.cu_IsIllegalPosition
                0x0000000000000000       0x26 ./src/oled/chessengine.o
 .text.ce_Eval  0x0000000000000000      0x11c ./src/oled/chessengine.o
[...]
Memory Configuration

Name             Origin             Length             Attributes
text             0x0000000000000000 0x0000000000020000 xr
data             0x0000000000800060 0x000000000000ffa0 rw !x
eeprom           0x0000000000810000 0x0000000000010000 rw !x
fuse             0x0000000000820000 0x0000000000000400 rw !x
lock             0x0000000000830000 0x0000000000000400 rw !x
signature        0x0000000000840000 0x0000000000000400 rw !x
user_signatures  0x0000000000850000 0x0000000000000400 rw !x
*default*        0x0000000000000000 0xffffffffffffffff

Linker script and memory map

LOAD /usr/local/Cellar/avr-gcc/7.2.0/lib/avr-gcc/7/gcc/avr/7.2.0/../../../../../../avr/lib/avr5/crtatmega32.o
LOAD ./src/oled/chessengine.o
LOAD ./src/oled/u8g_bitmap.o
LOAD ./src/oled/u8g_circle.o
LOAD ./src/oled/u8g_clip.o
LOAD ./src/oled/u8g_com_api.o
LOAD ./src/oled/u8g_com_api_16gr.o
LOAD ./src/oled/u8g_com_arduino_attiny85_hw_spi.o
LOAD ./src/oled/u8g_com_arduino_common.o
LOAD ./src/oled/u8g_com_arduino_fast_parallel.o
LOAD ./src/oled/u8g_com_arduino_hw_spi.o
LOAD ./src/oled/u8g_com_arduino_hw_usart_spi.o
LOAD ./src/oled/u8g_com_arduino_no_en_parallel.o
LOAD ./src/oled/u8g_com_arduino_parallel.o
LOAD ./src/oled/u8g_com_arduino_port_d_wr.o
LOAD ./src/oled/u8g_com_arduino_ssd_i2c.o
LOAD ./src/oled/u8g_com_arduino_st7920_custom.o
LOAD ./src/oled/u8g_com_arduino_st7920_hw_spi.o
LOAD ./src/oled/u8g_com_arduino_st7920_spi.o
LOAD ./src/oled/u8g_com_arduino_std_sw_spi.o
LOAD ./src/oled/u8g_com_arduino_sw_spi.o
LOAD ./src/oled/u8g_com_arduino_t6963.o
LOAD ./src/oled/u8g_com_arduino_uc_i2c.o
LOAD ./src/oled/u8g_com_atmega_hw_spi.o
LOAD ./src/oled/u8g_com_atmega_parallel.o
LOAD ./src/oled/u8g_com_atmega_st7920_hw_spi.o
LOAD ./src/oled/u8g_com_atmega_st7920_spi.o
LOAD ./src/oled/u8g_com_atmega_sw_spi.o
LOAD ./src/oled/u8g_com_i2c.o
LOAD ./src/oled/u8g_com_io.o
LOAD ./src/oled/u8g_com_msp430_hw_spi.o
LOAD ./src/oled/u8g_com_null.o
LOAD ./src/oled/u8g_com_raspberrypi_hw_spi.o
LOAD ./src/oled/u8g_com_raspberrypi_ssd_i2c.o
LOAD ./src/oled/u8g_com_std_sw_spi.o
LOAD ./src/oled/u8g_cursor.o
LOAD ./src/oled/u8g_delay.o
LOAD ./src/oled/u8g_dev_a2_micro_printer.o
LOAD ./src/oled/u8g_dev_flipdisc_2x7.o
LOAD ./src/oled/u8g_dev_gprof.o
LOAD ./src/oled/u8g_dev_ht1632.o
LOAD ./src/oled/u8g_dev_ili9325d_320x240.o
LOAD ./src/oled/u8g_dev_ks0108_128x64.o
LOAD ./src/oled/u8g_dev_lc7981_160x80.o
LOAD ./src/oled/u8g_dev_lc7981_240x128.o
LOAD ./src/oled/u8g_dev_lc7981_240x64.o
LOAD ./src/oled/u8g_dev_lc7981_320x64.o
LOAD ./src/oled/u8g_dev_ld7032_60x32.o
LOAD ./src/oled/u8g_dev_null.o
LOAD ./src/oled/u8g_dev_pcd8544_84x48.o
LOAD ./src/oled/u8g_dev_pcf8812_96x65.o
LOAD ./src/oled/u8g_dev_sbn1661_122x32.o
LOAD ./src/oled/u8g_dev_ssd1306_128x32.o
LOAD ./src/oled/u8g_dev_ssd1306_128x64.o
LOAD ./src/oled/u8g_dev_ssd1306_64x48.o
LOAD ./src/oled/u8g_dev_ssd1309_128x64.o
LOAD ./src/oled/u8g_dev_ssd1322_nhd31oled_bw.o
LOAD ./src/oled/u8g_dev_ssd1322_nhd31oled_gr.o
LOAD ./src/oled/u8g_dev_ssd1325_nhd27oled_bw.o
LOAD ./src/oled/u8g_dev_ssd1325_nhd27oled_bw_new.o
LOAD ./src/oled/u8g_dev_ssd1325_nhd27oled_gr.o
LOAD ./src/oled/u8g_dev_ssd1325_nhd27oled_gr_new.o
LOAD ./src/oled/u8g_dev_ssd1327_96x96_gr.o
LOAD ./src/oled/u8g_dev_ssd1351_128x128.o
LOAD ./src/oled/u8g_dev_ssd1353_160x128.o
LOAD ./src/oled/u8g_dev_st7565_64128n.o
LOAD ./src/oled/u8g_dev_st7565_dogm128.o
LOAD ./src/oled/u8g_dev_st7565_dogm132.o
LOAD ./src/oled/u8g_dev_st7565_lm6059.o
LOAD ./src/oled/u8g_dev_st7565_lm6063.o
LOAD ./src/oled/u8g_dev_st7565_nhd_c12832.o
LOAD ./src/oled/u8g_dev_st7565_nhd_c12864.o
LOAD ./src/oled/u8g_dev_st7687_c144mvgd.o
LOAD ./src/oled/u8g_dev_st7920_128x64.o
LOAD ./src/oled/u8g_dev_st7920_192x32.o
LOAD ./src/oled/u8g_dev_st7920_202x32.o
LOAD ./src/oled/u8g_dev_t6963_128x128.o
LOAD ./src/oled/u8g_dev_t6963_128x64.o
LOAD ./src/oled/u8g_dev_t6963_240x128.o
LOAD ./src/oled/u8g_dev_t6963_240x64.o
LOAD ./src/oled/u8g_dev_tls8204_84x48.o
LOAD ./src/oled/u8g_dev_uc1601_c128032.o
LOAD ./src/oled/u8g_dev_uc1608_240x128.o
LOAD ./src/oled/u8g_dev_uc1608_240x64.o
LOAD ./src/oled/u8g_dev_uc1610_dogxl160.o
LOAD ./src/oled/u8g_dev_uc1611_dogm240.o
LOAD ./src/oled/u8g_dev_uc1611_dogxl240.o
LOAD ./src/oled/u8g_dev_uc1701_dogs102.o
LOAD ./src/oled/u8g_dev_uc1701_mini12864.o
LOAD ./src/oled/u8g_ellipse.o
LOAD ./src/oled/u8g_font.o
LOAD ./src/oled/u8g_font_data.o
LOAD ./src/oled/u8g_line.o
LOAD ./src/oled/u8g_ll_api.o
LOAD ./src/oled/u8g_page.o
LOAD ./src/oled/u8g_pb.o
LOAD ./src/oled/u8g_pb14v1.o
LOAD ./src/oled/u8g_pb16h1.o
LOAD ./src/oled/u8g_pb16h2.o
LOAD ./src/oled/u8g_pb16v1.o
LOAD ./src/oled/u8g_pb16v2.o
LOAD ./src/oled/u8g_pb32h1.o
LOAD ./src/oled/u8g_pb8h1.o
LOAD ./src/oled/u8g_pb8h1f.o
LOAD ./src/oled/u8g_pb8h2.o
LOAD ./src/oled/u8g_pb8h8.o
LOAD ./src/oled/u8g_pb8v1.o
LOAD ./src/oled/u8g_pb8v2.o
LOAD ./src/oled/u8g_pbxh16.o
LOAD ./src/oled/u8g_pbxh24.o
LOAD ./src/oled/u8g_polygon.o
LOAD ./src/oled/u8g_rect.o
LOAD ./src/oled/u8g_rot.o
LOAD ./src/oled/u8g_scale.o
LOAD ./src/oled/u8g_state.o
LOAD ./src/oled/u8g_u16toa.o
LOAD ./src/oled/u8g_u8toa.o
LOAD ./src/oled/u8g_virtual_screen.o
LOAD ./src/nrf24/nrf24.o
LOAD ./src/nrf24/radioPinFunctions.o
LOAD ./main.o
START GROUP
LOAD /usr/local/Cellar/avr-gcc/7.2.0/lib/avr-gcc/7/gcc/avr/7.2.0/avr5/libgcc.a
LOAD /usr/local/Cellar/avr-gcc/7.2.0/lib/avr-gcc/7/gcc/avr/7.2.0/../../../../../../avr/lib/avr5/libm.a
LOAD /usr/local/Cellar/avr-gcc/7.2.0/lib/avr-gcc/7/gcc/avr/7.2.0/../../../../../../avr/lib/avr5/libc.a
LOAD /usr/local/Cellar/avr-gcc/7.2.0/lib/avr-gcc/7/gcc/avr/7.2.0/../../../../../../avr/lib/avr5/libatmega32.a
END GROUP
                0x0000000000020000                __TEXT_REGION_LENGTH__ = DEFINED (__TEXT_REGION_LENGTH__)?__TEXT_REGION_LENGTH__:0x20000
                0x000000000000ffa0                __DATA_REGION_LENGTH__ = DEFINED (__DATA_REGION_LENGTH__)?__DATA_REGION_LENGTH__:0xffa0
                0x0000000000010000                __EEPROM_REGION_LENGTH__ = DEFINED (__EEPROM_REGION_LENGTH__)?__EEPROM_REGION_LENGTH__:0x10000
                0x0000000000000400                __FUSE_REGION_LENGTH__ = DEFINED (__FUSE_REGION_LENGTH__)?__FUSE_REGION_LENGTH__:0x400
                0x0000000000000400                __LOCK_REGION_LENGTH__ = DEFINED (__LOCK_REGION_LENGTH__)?__LOCK_REGION_LENGTH__:0x400
                0x0000000000000400                __SIGNATURE_REGION_LENGTH__ = DEFINED (__SIGNATURE_REGION_LENGTH__)?__SIGNATURE_REGION_LENGTH__:0x400
                0x0000000000000400                __USER_SIGNATURE_REGION_LENGTH__ = DEFINED (__USER_SIGNATURE_REGION_LENGTH__)?__USER_SIGNATURE_REGION_LENGTH__:0x400

.hash
 *(.hash)

.dynsym
 *(.dynsym)

.dynstr
 *(.dynstr)

.gnu.version
 *(.gnu.version)

.gnu.version_d
 *(.gnu.version_d)

.gnu.version_r
 *(.gnu.version_r)

.rel.init
 *(.rel.init)

.rela.init
 *(.rela.init)

.rel.text
 *(.rel.text)
 *(.rel.text.*)
 *(.rel.gnu.linkonce.t*)

.rela.text
 *(.rela.text)
 *(.rela.text.*)
 *(.rela.gnu.linkonce.t*)

.rel.fini
 *(.rel.fini)

.rela.fini
 *(.rela.fini)

.rel.rodata
 *(.rel.rodata)
 *(.rel.rodata.*)
 *(.rel.gnu.linkonce.r*)

.rela.rodata
 *(.rela.rodata)
 *(.rela.rodata.*)
 *(.rela.gnu.linkonce.r*)

.rel.data
 *(.rel.data)
 *(.rel.data.*)
 *(.rel.gnu.linkonce.d*)

.rela.data
 *(.rela.data)
 *(.rela.data.*)
 *(.rela.gnu.linkonce.d*)

.rel.ctors
 *(.rel.ctors)

.rela.ctors
 *(.rela.ctors)

.rel.dtors
 *(.rel.dtors)

.rela.dtors
 *(.rela.dtors)

.rel.got
 *(.rel.got)

.rela.got
 *(.rela.got)

.rel.bss
 *(.rel.bss)

.rela.bss
 *(.rela.bss)

.rel.plt
 *(.rel.plt)

.rela.plt
 *(.rela.plt)

.text           0x0000000000000000     0x1aa4
 *(.vectors)
 .vectors       0x0000000000000000       0x54 /usr/local/Cellar/avr-gcc/7.2.0/lib/avr-gcc/7/gcc/avr/7.2.0/../../../../../../avr/lib/avr5/crtatmega32.o
                0x0000000000000000                __vectors
                0x0000000000000000                __vector_default
 *(.vectors)
 *(.progmem.gcc*)
                0x0000000000000054                . = ALIGN (0x2)
                0x0000000000000054                __trampolines_start = .
 *(.trampolines)
 .trampolines   0x0000000000000054        0x0 linker stubs
 *(.trampolines*)
                0x0000000000000054                __trampolines_end = .
 *libprintf_flt.a:*(.progmem.data)
 *libc.a:*(.progmem.data)
 *(.progmem*)
 .progmem.data.u8g_dev_ssd13xx_sleep_off
                0x0000000000000054        0xb ./src/oled/u8g_dev_ssd1306_128x64.o
 .progmem.data.u8g_dev_ssd13xx_sleep_on
                0x000000000000005f        0x9 ./src/oled/u8g_dev_ssd1306_128x64.o
 .progmem.data.u8g_dev_sh1106_128x64_data_start
                0x0000000000000068        0x8 ./src/oled/u8g_dev_ssd1306_128x64.o
 .progmem.data.u8g_dev_ssd1306_128x64_adafruit3_init_seq
                0x0000000000000070       0x26 ./src/oled/u8g_dev_ssd1306_128x64.o
 .progmem.u8g_font_6x13r
                0x0000000000000096      0x411 ./src/oled/u8g_font_data.o
                0x0000000000000096                u8g_font_6x13r
                0x00000000000004a8                . = ALIGN (0x2)
 *fill*         0x00000000000004a7        0x1 
 *(.lowtext)
 *(.lowtext*)
                0x00000000000004a8                __ctors_start = .
 *(.ctors)
                0x00000000000004a8                __ctors_end = .
                0x00000000000004a8                __dtors_start = .
 *(.dtors)
                0x00000000000004a8                __dtors_end = .
 SORT(*)(.ctors)
 SORT(*)(.dtors)
 *(.init0)
 .init0         0x00000000000004a8        0x0 /usr/local/Cellar/avr-gcc/7.2.0/lib/avr-gcc/7/gcc/avr/7.2.0/../../../../../../avr/lib/avr5/crtatmega32.o
                0x00000000000004a8                __init
 *(.init0)
 *(.init1)
 *(.init1)
 *(.init2)
 .init2         0x00000000000004a8        0xc /usr/local/Cellar/avr-gcc/7.2.0/lib/avr-gcc/7/gcc/avr/7.2.0/../../../../../../avr/lib/avr5/crtatmega32.o
 *(.init2)
 *(.init3)
 *(.init3)
 *(.init4)
 .init4         0x00000000000004b4       0x16 /usr/local/Cellar/avr-gcc/7.2.0/lib/avr-gcc/7/gcc/avr/7.2.0/avr5/libgcc.a(_copy_data.o)
                0x00000000000004b4                __do_copy_data
 .init4         0x00000000000004ca       0x10 /usr/local/Cellar/avr-gcc/7.2.0/lib/avr-gcc/7/gcc/avr/7.2.0/avr5/libgcc.a(_clear_bss.o)
                0x00000000000004ca                __do_clear_bss
 *(.init4)
 *(.init5)
 *(.init5)
 *(.init6)
 *(.init6)
 *(.init7)
 *(.init7)
 *(.init8)
 *(.init8)
 *(.init9)
 .init9         0x00000000000004da        0x8 /usr/local/Cellar/avr-gcc/7.2.0/lib/avr-gcc/7/gcc/avr/7.2.0/../../../../../../avr/lib/avr5/crtatmega32.o
 *(.init9)
 *(.text)
 .text          0x00000000000004e2        0x4 /usr/local/Cellar/avr-gcc/7.2.0/lib/avr-gcc/7/gcc/avr/7.2.0/../../../../../../avr/lib/avr5/crtatmega32.o
                0x00000000000004e2                __vector_20
                0x00000000000004e2                __vector_12
                0x00000000000004e2                __bad_interrupt
                0x00000000000004e2                __vector_6
                0x00000000000004e2                __vector_3
                0x00000000000004e2                __vector_11
                0x00000000000004e2                __vector_13
                0x00000000000004e2                __vector_17
                0x00000000000004e2                __vector_19
                0x00000000000004e2                __vector_7
                0x00000000000004e2                __vector_5
                0x00000000000004e2                __vector_4
                0x00000000000004e2                __vector_9
                0x00000000000004e2                __vector_2
                0x00000000000004e2                __vector_15
                0x00000000000004e2                __vector_8
                0x00000000000004e2                __vector_14
                0x00000000000004e2                __vector_10
                0x00000000000004e2                __vector_16
                0x00000000000004e2                __vector_18
                0x00000000000004e2                __vector_1
                0x00000000000004e6                . = ALIGN (0x2)
 *(.text.*)
 .text.u8g_IsBBXIntersection
                0x00000000000004e6       0x44 ./src/oled/u8g_clip.o
                0x00000000000004e6                u8g_IsBBXIntersection
 .text.u8g_InitCom
                0x000000000000052a       0x10 ./src/oled/u8g_com_api.o
                0x000000000000052a                u8g_InitCom
 .text.u8g_SetChipSelect
                0x000000000000053a       0x10 ./src/oled/u8g_com_api.o
                0x000000000000053a                u8g_SetChipSelect
 .text.u8g_SetResetLow
                0x000000000000054a       0x12 ./src/oled/u8g_com_api.o
                0x000000000000054a                u8g_SetResetLow
 .text.u8g_SetResetHigh
                0x000000000000055c       0x12 ./src/oled/u8g_com_api.o
                0x000000000000055c                u8g_SetResetHigh
 .text.u8g_SetAddress
                0x000000000000056e       0x10 ./src/oled/u8g_com_api.o
                0x000000000000056e                u8g_SetAddress
 .text.u8g_WriteByte
                0x000000000000057e       0x10 ./src/oled/u8g_com_api.o
                0x000000000000057e                u8g_WriteByte
 .text.u8g_WriteSequence
                0x000000000000058e        0xc ./src/oled/u8g_com_api.o
                0x000000000000058e                u8g_WriteSequence
 .text.u8g_WriteEscSeqP
                0x000000000000059a       0xb8 ./src/oled/u8g_com_api.o
                0x000000000000059a                u8g_WriteEscSeqP
 .text.u8g_com_arduino_ssd_start_sequence
                0x0000000000000652       0x36 ./src/oled/u8g_com_arduino_ssd_i2c.o
                0x0000000000000652                u8g_com_arduino_ssd_start_sequence
 .text.u8g_com_arduino_ssd_i2c_fn
                0x0000000000000688       0xba ./src/oled/u8g_com_arduino_ssd_i2c.o
                0x0000000000000688                u8g_com_arduino_ssd_i2c_fn
 .text.u8g_i2c_clear_error
                0x0000000000000742        0xa ./src/oled/u8g_com_i2c.o
                0x0000000000000742                u8g_i2c_clear_error
 .text.u8g_i2c_init
                0x000000000000074c       0x16 ./src/oled/u8g_com_i2c.o
                0x000000000000074c                u8g_i2c_init
 .text.u8g_i2c_wait
                0x0000000000000762       0x56 ./src/oled/u8g_com_i2c.o
                0x0000000000000762                u8g_i2c_wait
 .text.u8g_i2c_start
                0x00000000000007b8       0x72 ./src/oled/u8g_com_i2c.o
                0x00000000000007b8                u8g_i2c_start
 .text.u8g_i2c_send_byte
                0x000000000000082a       0x40 ./src/oled/u8g_com_i2c.o
                0x000000000000082a                u8g_i2c_send_byte
 .text.u8g_i2c_stop
                0x000000000000086a        0xc ./src/oled/u8g_com_i2c.o
                0x000000000000086a                u8g_i2c_stop
 .text.u8g_Delay
                0x0000000000000876       0x14 ./src/oled/u8g_delay.o
                0x0000000000000876                u8g_Delay
 .text.u8g_dev_sh1106_128x64_fn
                0x000000000000088a       0xd6 ./src/oled/u8g_dev_ssd1306_128x64.o
                0x000000000000088a                u8g_dev_sh1106_128x64_fn
 .text.u8g_font_get_word
                0x0000000000000960       0x18 ./src/oled/u8g_font.o
 .text.u8g_font_GetFormat
                0x0000000000000978        0x6 ./src/oled/u8g_font.o
 .text.u8g_font_GetFontGlyphStructureSize
                0x000000000000097e       0x14 ./src/oled/u8g_font.o
 .text.u8g_font_calc_vref_font
                0x0000000000000992        0x4 ./src/oled/u8g_font.o
                0x0000000000000992                u8g_font_calc_vref_font
 .text.u8g_font_GetEncoding65Pos
                0x0000000000000996        0x6 ./src/oled/u8g_font.o
                0x0000000000000996                u8g_font_GetEncoding65Pos
 .text.u8g_font_GetEncoding97Pos
                0x000000000000099c        0x6 ./src/oled/u8g_font.o
                0x000000000000099c                u8g_font_GetEncoding97Pos
 .text.u8g_font_GetFontStartEncoding
                0x00000000000009a2        0x8 ./src/oled/u8g_font.o
                0x00000000000009a2                u8g_font_GetFontStartEncoding
 .text.u8g_font_GetFontEndEncoding
                0x00000000000009aa        0x8 ./src/oled/u8g_font.o
                0x00000000000009aa                u8g_font_GetFontEndEncoding
 .text.u8g_GetGlyph
                0x00000000000009b2      0x19c ./src/oled/u8g_font.o
                0x00000000000009b2                u8g_GetGlyph
 .text.u8g_draw_glyph
                0x0000000000000b4e       0xc4 ./src/oled/u8g_font.o
                0x0000000000000b4e                u8g_draw_glyph
 .text.u8g_DrawStr
                0x0000000000000c12       0x56 ./src/oled/u8g_font.o
                0x0000000000000c12                u8g_DrawStr
 .text.u8g_UpdateRefHeight
                0x0000000000000c68       0x90 ./src/oled/u8g_font.o
                0x0000000000000c68                u8g_UpdateRefHeight
 .text.u8g_SetFontPosBaseline
                0x0000000000000cf8        0xc ./src/oled/u8g_font.o
                0x0000000000000cf8                u8g_SetFontPosBaseline
 .text.u8g_SetFont
                0x0000000000000d04       0x28 ./src/oled/u8g_font.o
                0x0000000000000d04                u8g_SetFont
 .text.u8g_init_data
                0x0000000000000d2c       0x56 ./src/oled/u8g_ll_api.o
 .text.u8g_call_dev_fn
                0x0000000000000d82        0x8 ./src/oled/u8g_ll_api.o
                0x0000000000000d82                u8g_call_dev_fn
 .text.u8g_InitLL
                0x0000000000000d8a       0x40 ./src/oled/u8g_ll_api.o
                0x0000000000000d8a                u8g_InitLL
 .text.u8g_FirstPageLL
                0x0000000000000dca       0x4a ./src/oled/u8g_ll_api.o
                0x0000000000000dca                u8g_FirstPageLL
 .text.u8g_NextPageLL
                0x0000000000000e14       0x58 ./src/oled/u8g_ll_api.o
                0x0000000000000e14                u8g_NextPageLL
 .text.u8g_GetWidthLL
                0x0000000000000e6c       0x20 ./src/oled/u8g_ll_api.o
                0x0000000000000e6c                u8g_GetWidthLL
 .text.u8g_GetHeightLL
                0x0000000000000e8c       0x20 ./src/oled/u8g_ll_api.o
                0x0000000000000e8c                u8g_GetHeightLL
 .text.u8g_GetModeLL
                0x0000000000000eac        0xa ./src/oled/u8g_ll_api.o
                0x0000000000000eac                u8g_GetModeLL
 .text.u8g_UpdateDimension
                0x0000000000000eb6       0x3e ./src/oled/u8g_ll_api.o
                0x0000000000000eb6                u8g_UpdateDimension
 .text.u8g_Begin
                0x0000000000000ef4       0x20 ./src/oled/u8g_ll_api.o
                0x0000000000000ef4                u8g_Begin
 .text.u8g_InitI2C
                0x0000000000000f14       0x2a ./src/oled/u8g_ll_api.o
                0x0000000000000f14                u8g_InitI2C
 .text.u8g_FirstPage
                0x0000000000000f3e        0xa ./src/oled/u8g_ll_api.o
                0x0000000000000f3e                u8g_FirstPage
 .text.u8g_NextPage
                0x0000000000000f48       0x1e ./src/oled/u8g_ll_api.o
                0x0000000000000f48                u8g_NextPage
 .text.u8g_Draw8Pixel
                0x0000000000000f66       0x22 ./src/oled/u8g_ll_api.o
                0x0000000000000f66                u8g_Draw8Pixel
 .text.u8g_page_First
                0x0000000000000f88        0xe ./src/oled/u8g_page.o
                0x0000000000000f88                u8g_page_First
 .text.u8g_page_Next
                0x0000000000000f96       0x2c ./src/oled/u8g_page.o
                0x0000000000000f96                u8g_page_Next
 .text.u8g_pb_Clear
                0x0000000000000fc2       0x1e ./src/oled/u8g_pb.o
                0x0000000000000fc2                u8g_pb_Clear
 .text.u8g_pb_IsYIntersection
                0x0000000000000fe0       0x2a ./src/oled/u8g_pb.o
                0x0000000000000fe0                u8g_pb_IsYIntersection
 .text.u8g_pb_GetPageBox
                0x000000000000100a       0x20 ./src/oled/u8g_pb.o
                0x000000000000100a                u8g_pb_GetPageBox
 .text.u8g_pb_Is8PixelVisible
                0x000000000000102a       0x2a ./src/oled/u8g_pb.o
                0x000000000000102a                u8g_pb_Is8PixelVisible
 .text.u8g_pb_WriteBuffer
                0x0000000000001054       0x10 ./src/oled/u8g_pb.o
                0x0000000000001054                u8g_pb_WriteBuffer
 .text.u8g_pb8v1_set_pixel
                0x0000000000001064       0x34 ./src/oled/u8g_pb8v1.o
                0x0000000000001064                u8g_pb8v1_set_pixel
 .text.u8g_pb8v1_SetPixel
                0x0000000000001098       0x2c ./src/oled/u8g_pb8v1.o
                0x0000000000001098                u8g_pb8v1_SetPixel
 .text.u8g_pb8v1_Set8PixelOpt2
                0x00000000000010c4       0x5c ./src/oled/u8g_pb8v1.o
                0x00000000000010c4                u8g_pb8v1_Set8PixelOpt2
 .text.u8g_dev_pb8v1_base_fn
                0x0000000000001120       0x8e ./src/oled/u8g_pb8v1.o
                0x0000000000001120                u8g_dev_pb8v1_base_fn
 .text.u8g_draw_hline
                0x00000000000011ae       0x80 ./src/oled/u8g_rect.o
                0x00000000000011ae                u8g_draw_hline
 .text.u8g_draw_vline
                0x000000000000122e       0x80 ./src/oled/u8g_rect.o
                0x000000000000122e                u8g_draw_vline
 .text.u8g_DrawFrame
                0x00000000000012ae       0x74 ./src/oled/u8g_rect.o
                0x00000000000012ae                u8g_DrawFrame
 .text.u8g_draw_box
                0x0000000000001322       0x36 ./src/oled/u8g_rect.o
                0x0000000000001322                u8g_draw_box
 .text.u8g_DrawBox
                0x0000000000001358       0x3a ./src/oled/u8g_rect.o
                0x0000000000001358                u8g_DrawBox
 .text.u8g_state_dummy_cb
                0x0000000000001392        0x2 ./src/oled/u8g_state.o
                0x0000000000001392                u8g_state_dummy_cb
 .text.nrf24_init
                0x0000000000001394       0x10 ./src/nrf24/nrf24.o
                0x0000000000001394                nrf24_init
 .text.spi_transfer
                0x00000000000013a4       0x60 ./src/nrf24/nrf24.o
                0x00000000000013a4                spi_transfer
 .text.nrf24_getStatus
                0x0000000000001404       0x1c ./src/nrf24/nrf24.o
                0x0000000000001404                nrf24_getStatus
 .text.nrf24_isSending
                0x0000000000001420       0x10 ./src/nrf24/nrf24.o
                0x0000000000001420                nrf24_isSending
 .text.nrf24_lastMessageStatus
                0x0000000000001430       0x18 ./src/nrf24/nrf24.o
                0x0000000000001430                nrf24_lastMessageStatus
 .text.nrf24_transferSync
                0x0000000000001448       0x38 ./src/nrf24/nrf24.o
                0x0000000000001448                nrf24_transferSync
 .text.nrf24_transmitSync
                0x0000000000001480       0x28 ./src/nrf24/nrf24.o
                0x0000000000001480                nrf24_transmitSync
 .text.nrf24_configRegister
                0x00000000000014a8       0x28 ./src/nrf24/nrf24.o
                0x00000000000014a8                nrf24_configRegister
 .text.nrf24_getData
                0x00000000000014d0       0x30 ./src/nrf24/nrf24.o
                0x00000000000014d0                nrf24_getData
 .text.nrf24_powerUpRx
                0x0000000000001500       0x2e ./src/nrf24/nrf24.o
                0x0000000000001500                nrf24_powerUpRx
 .text.nrf24_config
                0x000000000000152e       0x72 ./src/nrf24/nrf24.o
                0x000000000000152e                nrf24_config
 .text.nrf24_powerUpTx
                0x00000000000015a0       0x10 ./src/nrf24/nrf24.o
                0x00000000000015a0                nrf24_powerUpTx
 .text.nrf24_send
                0x00000000000015b0       0x48 ./src/nrf24/nrf24.o
                0x00000000000015b0                nrf24_send
 .text.nrf24_readRegister
                0x00000000000015f8       0x34 ./src/nrf24/nrf24.o
                0x00000000000015f8                nrf24_readRegister
 .text.nrf24_rxFifoEmpty
                0x000000000000162c       0x24 ./src/nrf24/nrf24.o
                0x000000000000162c                nrf24_rxFifoEmpty
 .text.nrf24_dataReady
                0x0000000000001650       0x18 ./src/nrf24/nrf24.o
                0x0000000000001650                nrf24_dataReady
 .text.nrf24_writeRegister
                0x0000000000001668       0x34 ./src/nrf24/nrf24.o
                0x0000000000001668                nrf24_writeRegister
 .text.nrf24_rx_address
                0x000000000000169c       0x20 ./src/nrf24/nrf24.o
                0x000000000000169c                nrf24_rx_address
 .text.nrf24_tx_address
                0x00000000000016bc       0x1e ./src/nrf24/nrf24.o
                0x00000000000016bc                nrf24_tx_address
 .text.nrf24_setupPins
                0x00000000000016da        0xc ./src/nrf24/radioPinFunctions.o
                0x00000000000016da                nrf24_setupPins
 .text.nrf24_ce_digitalWrite
                0x00000000000016e6        0xc ./src/nrf24/radioPinFunctions.o
                0x00000000000016e6                nrf24_ce_digitalWrite
 .text.nrf24_csn_digitalWrite
                0x00000000000016f2        0xc ./src/nrf24/radioPinFunctions.o
                0x00000000000016f2                nrf24_csn_digitalWrite
 .text.nrf24_sck_digitalWrite
                0x00000000000016fe        0xc ./src/nrf24/radioPinFunctions.o
                0x00000000000016fe                nrf24_sck_digitalWrite
 .text.nrf24_mosi_digitalWrite
                0x000000000000170a        0xc ./src/nrf24/radioPinFunctions.o
                0x000000000000170a                nrf24_mosi_digitalWrite
 .text.nrf24_miso_digitalRead
                0x0000000000001716        0x6 ./src/nrf24/radioPinFunctions.o
                0x0000000000001716                nrf24_miso_digitalRead
 .text.u8g_setup
                0x000000000000171c        0xe ./main.o
                0x000000000000171c                u8g_setup
 .text.wifi_setup
                0x000000000000172a       0x1c ./main.o
                0x000000000000172a                wifi_setup
 .text.oprint   0x0000000000001746       0x40 ./main.o
                0x0000000000001746                oprint
 .text.printStates
                0x0000000000001786      0x12c ./main.o
                0x0000000000001786                printStates
 .text.sendPacket
                0x00000000000018b2       0x48 ./main.o
                0x00000000000018b2                sendPacket
 .text.init     0x00000000000018fa       0x6c ./main.o
                0x00000000000018fa                init
 .text.buttonOne
                0x0000000000001966       0x3a ./main.o
                0x0000000000001966                buttonOne
 .text.buttonTwo
                0x00000000000019a0       0x3a ./main.o
                0x00000000000019a0                buttonTwo
 .text.startup.main
                0x00000000000019da       0x46 ./main.o
                0x00000000000019da                main
 .text.avr-libc
                0x0000000000001a20       0x16 /usr/local/Cellar/avr-gcc/7.2.0/lib/avr-gcc/7/gcc/avr/7.2.0/../../../../../../avr/lib/avr5/libc.a(itoa.o)
                0x0000000000001a20                itoa
                0x0000000000001a20                __itoa
 .text.avr-libc
                0x0000000000001a36       0x16 /usr/local/Cellar/avr-gcc/7.2.0/lib/avr-gcc/7/gcc/avr/7.2.0/../../../../../../avr/lib/avr5/libc.a(itoa_ncheck.o)
                0x0000000000001a36                __itoa_ncheck
 .text.avr-libc
                0x0000000000001a4c       0x34 /usr/local/Cellar/avr-gcc/7.2.0/lib/avr-gcc/7/gcc/avr/7.2.0/../../../../../../avr/lib/avr5/libc.a(utoa_ncheck.o)
                0x0000000000001a4c                __utoa_ncheck
                0x0000000000001a4e                __utoa_common
 .text.avr-libc
                0x0000000000001a80       0x20 /usr/local/Cellar/avr-gcc/7.2.0/lib/avr-gcc/7/gcc/avr/7.2.0/../../../../../../avr/lib/avr5/libc.a(strrev.o)
                0x0000000000001a80                strrev
                0x0000000000001aa0                . = ALIGN (0x2)
 *(.fini9)
 .fini9         0x0000000000001aa0        0x0 /usr/local/Cellar/avr-gcc/7.2.0/lib/avr-gcc/7/gcc/avr/7.2.0/avr5/libgcc.a(_exit.o)
                0x0000000000001aa0                exit
                0x0000000000001aa0                _exit
 *(.fini9)
 *(.fini8)
 *(.fini8)
 *(.fini7)
 *(.fini7)
 *(.fini6)
 *(.fini6)
 *(.fini5)
 *(.fini5)
 *(.fini4)
 *(.fini4)
 *(.fini3)
 *(.fini3)
 *(.fini2)
 *(.fini2)
 *(.fini1)
 *(.fini1)
 *(.fini0)
 .fini0         0x0000000000001aa0        0x4 /usr/local/Cellar/avr-gcc/7.2.0/lib/avr-gcc/7/gcc/avr/7.2.0/avr5/libgcc.a(_exit.o)
 *(.fini0)
 *(.hightext)
 *(.hightext*)
                0x0000000000001aa4                . = ALIGN (0x2)
 *(.jumptables)
 *(.jumptables*)
                0x0000000000001aa4                _etext = .

.data           0x0000000000800060       0x5c load address 0x0000000000001aa4
                0x0000000000800060                PROVIDE (__data_start, .)
 *(.data)
 *(.data*)
 .data.u8g_dev_sh1106_128x64_i2c
                0x0000000000800060        0x6 ./src/oled/u8g_dev_ssd1306_128x64.o
                0x0000000000800060                u8g_dev_sh1106_128x64_i2c
 .data.u8g_dev_sh1106_128x64_i2c_pb
                0x0000000000800066        0x8 ./src/oled/u8g_dev_ssd1306_128x64.o
                0x0000000000800066                u8g_dev_sh1106_128x64_i2c_pb
 .data.tx_mac   0x000000000080006e        0x5 ./main.o
                0x000000000080006e                tx_mac
 .data.rx_mac   0x0000000000800073        0x5 ./main.o
                0x0000000000800073                rx_mac
 *(.gnu.linkonce.d*)
 *(.rodata)
 *(.rodata*)
 .rodata.CSWTCH.12
                0x0000000000800078        0x4 ./src/oled/u8g_pb8v1.o
 .rodata.CSWTCH.11
                0x000000000080007c        0x4 ./src/oled/u8g_pb8v1.o
 .rodata.printStates.str1.1
                0x0000000000800080       0x19 ./main.o
 .rodata.sendPacket.str1.1
                0x0000000000800099       0x11 ./main.o
 .rodata.init.str1.1
                0x00000000008000aa       0x11 ./main.o
 *(.gnu.linkonce.r*)
                0x00000000008000bc                . = ALIGN (0x2)
 *fill*         0x00000000008000bb        0x1 
                0x00000000008000bc                _edata = .
                0x00000000008000bc                PROVIDE (__data_end, .)

.bss            0x00000000008000bc       0xc1
                0x00000000008000bc                PROVIDE (__bss_start, .)
 *(.bss)
 *(.bss*)
 .bss.u8g_i2c_err_pos
                0x00000000008000bc        0x1 ./src/oled/u8g_com_i2c.o
 .bss.u8g_i2c_opt
                0x00000000008000bd        0x1 ./src/oled/u8g_com_i2c.o
 .bss.u8g_i2c_err_code
                0x00000000008000be        0x1 ./src/oled/u8g_com_i2c.o
 .bss.u8g_dev_sh1106_128x64_i2c_buf
                0x00000000008000bf       0x80 ./src/oled/u8g_dev_ssd1306_128x64.o
                0x00000000008000bf                u8g_dev_sh1106_128x64_i2c_buf
 .bss.localStates
                0x000000000080013f        0x2 ./main.o
                0x000000000080013f                localStates
 *(COMMON)
 COMMON         0x0000000000800141        0x1 ./src/nrf24/nrf24.o
                0x0000000000800141                payload_len
 COMMON         0x0000000000800142       0x3b ./main.o
                0x0000000000800142                packet
                0x0000000000800145                u8g
                0x000000000080017c                status
                0x000000000080017d                PROVIDE (__bss_end, .)
                0x0000000000001aa4                __data_load_start = LOADADDR (.data)
                0x0000000000001b00                __data_load_end = (__data_load_start + SIZEOF (.data))

.noinit         0x000000000080017d        0x0
                [!provide]                        PROVIDE (__noinit_start, .)
 *(.noinit*)
                [!provide]                        PROVIDE (__noinit_end, .)
                0x000000000080017d                _end = .
                [!provide]                        PROVIDE (__heap_start, .)

.eeprom         0x0000000000810000        0x0
 *(.eeprom*)
                0x0000000000810000                __eeprom_end = .

.fuse
 *(.fuse)
 *(.lfuse)
 *(.hfuse)
 *(.efuse)

.lock
 *(.lock*)

.signature
 *(.signature*)

.stab
 *(.stab)

.stabstr
 *(.stabstr)

.stab.excl
 *(.stab.excl)

.stab.exclstr
 *(.stab.exclstr)

.stab.index
 *(.stab.index)

.stab.indexstr
 *(.stab.indexstr)

.comment        0x0000000000000000       0x11
 *(.comment)
 .comment       0x0000000000000000       0x11 ./src/oled/u8g_clip.o
                                         0x12 (size before relaxing)
 .comment       0x0000000000000011       0x12 ./src/oled/u8g_com_api.o
 .comment       0x0000000000000011       0x12 ./src/oled/u8g_com_arduino_ssd_i2c.o
 .comment       0x0000000000000011       0x12 ./src/oled/u8g_com_i2c.o
 .comment       0x0000000000000011       0x12 ./src/oled/u8g_delay.o
 .comment       0x0000000000000011       0x12 ./src/oled/u8g_dev_ssd1306_128x64.o
 .comment       0x0000000000000011       0x12 ./src/oled/u8g_font.o
 .comment       0x0000000000000011       0x12 ./src/oled/u8g_font_data.o
 .comment       0x0000000000000011       0x12 ./src/oled/u8g_ll_api.o
 .comment       0x0000000000000011       0x12 ./src/oled/u8g_page.o
 .comment       0x0000000000000011       0x12 ./src/oled/u8g_pb.o
 .comment       0x0000000000000011       0x12 ./src/oled/u8g_pb8v1.o
 .comment       0x0000000000000011       0x12 ./src/oled/u8g_rect.o
 .comment       0x0000000000000011       0x12 ./src/oled/u8g_state.o
 .comment       0x0000000000000011       0x12 ./src/nrf24/nrf24.o
 .comment       0x0000000000000011       0x12 ./src/nrf24/radioPinFunctions.o
 .comment       0x0000000000000011       0x12 ./main.o

.note.gnu.avr.deviceinfo
                0x0000000000000000       0x3c
 .note.gnu.avr.deviceinfo
                0x0000000000000000       0x3c /usr/local/Cellar/avr-gcc/7.2.0/lib/avr-gcc/7/gcc/avr/7.2.0/../../../../../../avr/lib/avr5/crtatmega32.o

.note.gnu.build-id
 *(.note.gnu.build-id)

.debug
 *(.debug)

.line
 *(.line)

.debug_srcinfo
 *(.debug_srcinfo)

.debug_sfnames
 *(.debug_sfnames)

.debug_aranges  0x0000000000000000       0x60
 *(.debug_aranges)
 .debug_aranges
                0x0000000000000000       0x20 /usr/local/Cellar/avr-gcc/7.2.0/lib/avr-gcc/7/gcc/avr/7.2.0/avr5/libgcc.a(_exit.o)
 .debug_aranges
                0x0000000000000020       0x20 /usr/local/Cellar/avr-gcc/7.2.0/lib/avr-gcc/7/gcc/avr/7.2.0/avr5/libgcc.a(_copy_data.o)
 .debug_aranges
                0x0000000000000040       0x20 /usr/local/Cellar/avr-gcc/7.2.0/lib/avr-gcc/7/gcc/avr/7.2.0/avr5/libgcc.a(_clear_bss.o)

.debug_pubnames
 *(.debug_pubnames)

.debug_info     0x0000000000000000      0x558
 *(.debug_info .gnu.linkonce.wi.*)
 .debug_info    0x0000000000000000      0x4e6 /usr/local/Cellar/avr-gcc/7.2.0/lib/avr-gcc/7/gcc/avr/7.2.0/../../../../../../avr/lib/avr5/crtatmega32.o
 .debug_info    0x00000000000004e6       0x26 /usr/local/Cellar/avr-gcc/7.2.0/lib/avr-gcc/7/gcc/avr/7.2.0/avr5/libgcc.a(_exit.o)
 .debug_info    0x000000000000050c       0x26 /usr/local/Cellar/avr-gcc/7.2.0/lib/avr-gcc/7/gcc/avr/7.2.0/avr5/libgcc.a(_copy_data.o)
 .debug_info    0x0000000000000532       0x26 /usr/local/Cellar/avr-gcc/7.2.0/lib/avr-gcc/7/gcc/avr/7.2.0/avr5/libgcc.a(_clear_bss.o)

.debug_abbrev   0x0000000000000000      0x4df
 *(.debug_abbrev)
 .debug_abbrev  0x0000000000000000      0x4a3 /usr/local/Cellar/avr-gcc/7.2.0/lib/avr-gcc/7/gcc/avr/7.2.0/../../../../../../avr/lib/avr5/crtatmega32.o
 .debug_abbrev  0x00000000000004a3       0x14 /usr/local/Cellar/avr-gcc/7.2.0/lib/avr-gcc/7/gcc/avr/7.2.0/avr5/libgcc.a(_exit.o)
 .debug_abbrev  0x00000000000004b7       0x14 /usr/local/Cellar/avr-gcc/7.2.0/lib/avr-gcc/7/gcc/avr/7.2.0/avr5/libgcc.a(_copy_data.o)
 .debug_abbrev  0x00000000000004cb       0x14 /usr/local/Cellar/avr-gcc/7.2.0/lib/avr-gcc/7/gcc/avr/7.2.0/avr5/libgcc.a(_clear_bss.o)

.debug_line     0x0000000000000000      0x19a
 *(.debug_line .debug_line.* .debug_line_end)
 .debug_line    0x0000000000000000       0x1d /usr/local/Cellar/avr-gcc/7.2.0/lib/avr-gcc/7/gcc/avr/7.2.0/../../../../../../avr/lib/avr5/crtatmega32.o
 .debug_line    0x000000000000001d       0x61 /usr/local/Cellar/avr-gcc/7.2.0/lib/avr-gcc/7/gcc/avr/7.2.0/avr5/libgcc.a(_exit.o)
 .debug_line    0x000000000000007e       0x97 /usr/local/Cellar/avr-gcc/7.2.0/lib/avr-gcc/7/gcc/avr/7.2.0/avr5/libgcc.a(_copy_data.o)
 .debug_line    0x0000000000000115       0x85 /usr/local/Cellar/avr-gcc/7.2.0/lib/avr-gcc/7/gcc/avr/7.2.0/avr5/libgcc.a(_clear_bss.o)

.debug_frame
 *(.debug_frame)

.debug_str      0x0000000000000000      0x218
 *(.debug_str)
 .debug_str     0x0000000000000000      0x196 /usr/local/Cellar/avr-gcc/7.2.0/lib/avr-gcc/7/gcc/avr/7.2.0/../../../../../../avr/lib/avr5/crtatmega32.o
 .debug_str     0x0000000000000196       0x82 /usr/local/Cellar/avr-gcc/7.2.0/lib/avr-gcc/7/gcc/avr/7.2.0/avr5/libgcc.a(_exit.o)
 .debug_str     0x0000000000000218       0x82 /usr/local/Cellar/avr-gcc/7.2.0/lib/avr-gcc/7/gcc/avr/7.2.0/avr5/libgcc.a(_copy_data.o)
 .debug_str     0x0000000000000218       0x82 /usr/local/Cellar/avr-gcc/7.2.0/lib/avr-gcc/7/gcc/avr/7.2.0/avr5/libgcc.a(_clear_bss.o)

.debug_loc
 *(.debug_loc)

.debug_macinfo
 *(.debug_macinfo)

.debug_weaknames
 *(.debug_weaknames)

.debug_funcnames
 *(.debug_funcnames)

.debug_typenames
 *(.debug_typenames)

.debug_varnames
 *(.debug_varnames)

.debug_pubtypes
 *(.debug_pubtypes)

.debug_ranges
 *(.debug_ranges)

.debug_macro
 *(.debug_macro)

.debug_addr
 *(.debug_addr)
OUTPUT(10_LED_WIFI_RX.elf elf32-avr)
LOAD linker stubs
